C:/Users/22602/Desktop/SCARA/SCARA_F103/UserApp/gcode_stream.c:57:16:next_index	16	static
C:/Users/22602/Desktop/SCARA/SCARA_F103/UserApp/gcode_stream.c:66:16:prev_index	16	static
C:/Users/22602/Desktop/SCARA/SCARA_F103/UserApp/gcode_stream.c:74:16:i64_abs	24	static
C:/Users/22602/Desktop/SCARA/SCARA_F103/UserApp/gcode_stream.c:79:16:i32_abs	16	static
C:/Users/22602/Desktop/SCARA/SCARA_F103/UserApp/gcode_stream.c:84:16:i32_max	16	static
C:/Users/22602/Desktop/SCARA/SCARA_F103/UserApp/gcode_stream.c:89:16:pps_to_i16	16	static
C:/Users/22602/Desktop/SCARA/SCARA_F103/UserApp/gcode_stream.c:100:13:starts_gcode	24	static
C:/Users/22602/Desktop/SCARA/SCARA_F103/UserApp/gcode_stream.c:109:13:parse_int_word	24	static
C:/Users/22602/Desktop/SCARA/SCARA_F103/UserApp/gcode_stream.c:127:13:parse_decimal_scaled	168	static
C:/Users/22602/Desktop/SCARA/SCARA_F103/UserApp/gcode_stream.c:170:13:send_error	16	static
C:/Users/22602/Desktop/SCARA/SCARA_F103/UserApp/gcode_stream.c:175:16:line_checksum	24	static
C:/Users/22602/Desktop/SCARA/SCARA_F103/UserApp/gcode_stream.c:185:13:send_ok_for_line	24	static
C:/Users/22602/Desktop/SCARA/SCARA_F103/UserApp/gcode_stream.c:195:13:buffer_full	4	static
C:/Users/22602/Desktop/SCARA/SCARA_F103/UserApp/gcode_stream.c:200:13:enqueue_block	72	static
C:/Users/22602/Desktop/SCARA/SCARA_F103/UserApp/gcode_stream.c:240:13:current_xy_from_stepper	168	static
C:/Users/22602/Desktop/SCARA/SCARA_F103/UserApp/gcode_stream.c:257:13:sync_position_from_stepper	128	static
C:/Users/22602/Desktop/SCARA/SCARA_F103/UserApp/gcode_stream.c:266:13:build_motion_block	296	static
C:/Users/22602/Desktop/SCARA/SCARA_F103/UserApp/gcode_stream.c:323:13:process_block	104	static
C:/Users/22602/Desktop/SCARA/SCARA_F103/UserApp/gcode_stream.c:446:6:GcodeStream_Init	8	static
C:/Users/22602/Desktop/SCARA/SCARA_F103/UserApp/gcode_stream.c:465:9:GcodeStream_PlannerFree	4	static
C:/Users/22602/Desktop/SCARA/SCARA_F103/UserApp/gcode_stream.c:470:9:GcodeStream_PlannerCount	4	static
C:/Users/22602/Desktop/SCARA/SCARA_F103/UserApp/gcode_stream.c:475:6:GcodeStream_RequestStatus	4	static
C:/Users/22602/Desktop/SCARA/SCARA_F103/UserApp/gcode_stream.c:480:13:send_status	304	static
C:/Users/22602/Desktop/SCARA/SCARA_F103/UserApp/gcode_stream.c:514:6:GcodeStream_Loop	144	static
C:/Users/22602/Desktop/SCARA/SCARA_F103/UserApp/gcode_stream.c:553:6:GcodeStream_Tick1kHz	4	static
C:/Users/22602/Desktop/SCARA/SCARA_F103/UserApp/gcode_stream.c:565:6:GcodeStream_TryProcessLine	32	static
