C:/Users/22602/Desktop/SCARA/SCARA_F103/UserApp/pulse_protocol.c:17:20:error_name	16	static
C:/Users/22602/Desktop/SCARA/SCARA_F103/UserApp/pulse_protocol.c:32:13:set_error	16	static
C:/Users/22602/Desktop/SCARA/SCARA_F103/UserApp/pulse_protocol.c:38:14:trim	24	static
C:/Users/22602/Desktop/SCARA/SCARA_F103/UserApp/pulse_protocol.c:52:13:parse_i32	80	static
C:/Users/22602/Desktop/SCARA/SCARA_F103/UserApp/pulse_protocol.c:93:13:parse_u8_hex	24	static
C:/Users/22602/Desktop/SCARA/SCARA_F103/UserApp/pulse_protocol.c:124:16:checksum_payload	24	static
C:/Users/22602/Desktop/SCARA/SCARA_F103/UserApp/pulse_protocol.c:134:13:make_payload	40	static
C:/Users/22602/Desktop/SCARA/SCARA_F103/UserApp/pulse_protocol.c:139:13:send_ok	272	static
C:/Users/22602/Desktop/SCARA/SCARA_F103/UserApp/pulse_protocol.c:157:6:PulseProtocol_TryProcessLine	408	static
C:/Users/22602/Desktop/SCARA/SCARA_F103/UserApp/pulse_protocol.c:264:13:PulseProtocol_LastErrorName	8	static
C:/Users/22602/Desktop/SCARA/SCARA_F103/UserApp/pulse_protocol.c:269:9:PulseProtocol_LastMode	4	static
