C:/Users/22602/Desktop/SCARA/SCARA_F103/UserApp/serial_dma.c:30:17:irq_save	16	static
C:/Users/22602/Desktop/SCARA/SCARA_F103/UserApp/serial_dma.c:37:13:irq_restore	16	static
C:/Users/22602/Desktop/SCARA/SCARA_F103/UserApp/serial_dma.c:44:16:queue_next	16	static
C:/Users/22602/Desktop/SCARA/SCARA_F103/UserApp/serial_dma.c:53:13:enqueue_rx_line	24	static
C:/Users/22602/Desktop/SCARA/SCARA_F103/UserApp/serial_dma.c:71:13:tx_start_next_locked	8	static
C:/Users/22602/Desktop/SCARA/SCARA_F103/UserApp/serial_dma.c:90:6:SerialDma_Init	8	static
C:/Users/22602/Desktop/SCARA/SCARA_F103/UserApp/serial_dma.c:106:13:feed_char	24	static
C:/Users/22602/Desktop/SCARA/SCARA_F103/UserApp/serial_dma.c:137:6:SerialDma_Poll	16	static
C:/Users/22602/Desktop/SCARA/SCARA_F103/UserApp/serial_dma.c:152:6:SerialDma_ReadLine	24	static
C:/Users/22602/Desktop/SCARA/SCARA_F103/UserApp/serial_dma.c:172:6:SerialDma_Send	32	static
C:/Users/22602/Desktop/SCARA/SCARA_F103/UserApp/serial_dma.c:202:6:SerialDma_SendFormat	296	static
C:/Users/22602/Desktop/SCARA/SCARA_F103/UserApp/serial_dma.c:220:6:SerialDma_IsTxBusy	4	static
C:/Users/22602/Desktop/SCARA/SCARA_F103/UserApp/serial_dma.c:225:10:SerialDma_RxOverflowCount	4	static
C:/Users/22602/Desktop/SCARA/SCARA_F103/UserApp/serial_dma.c:230:10:SerialDma_RxFreeCount	4	static
C:/Users/22602/Desktop/SCARA/SCARA_F103/UserApp/serial_dma.c:235:10:SerialDma_TxDropCount	4	static
C:/Users/22602/Desktop/SCARA/SCARA_F103/UserApp/serial_dma.c:240:10:SerialDma_TxQueuedCount	4	static
C:/Users/22602/Desktop/SCARA/SCARA_F103/UserApp/serial_dma.c:245:6:SerialDma_TxCpltCallback	8	static
