C:/Users/22602/Desktop/SCARA/SCARA_F103/UserApp/stepper_driver.c:28:16:clamp_i32	24	static
C:/Users/22602/Desktop/SCARA/SCARA_F103/UserApp/stepper_driver.c:39:16:i64_abs	24	static
C:/Users/22602/Desktop/SCARA/SCARA_F103/UserApp/stepper_driver.c:44:13:axis_valid	16	static
C:/Users/22602/Desktop/SCARA/SCARA_F103/UserApp/stepper_driver.c:49:17:irq_save	16	static
C:/Users/22602/Desktop/SCARA/SCARA_F103/UserApp/stepper_driver.c:56:13:irq_restore	16	static
C:/Users/22602/Desktop/SCARA/SCARA_F103/UserApp/stepper_driver.c:63:13:pwm_apply	32	static
C:/Users/22602/Desktop/SCARA/SCARA_F103/UserApp/stepper_driver.c:89:13:set_dir_index	24	static
C:/Users/22602/Desktop/SCARA/SCARA_F103/UserApp/stepper_driver.c:99:13:axis_set_target_pps	24	static
C:/Users/22602/Desktop/SCARA/SCARA_F103/UserApp/stepper_driver.c:113:13:axis_stop_now	24	static
C:/Users/22602/Desktop/SCARA/SCARA_F103/UserApp/stepper_driver.c:124:6:Stepper_Init	16	static
C:/Users/22602/Desktop/SCARA/SCARA_F103/UserApp/stepper_driver.c:147:6:Stepper_Enable	24	static
C:/Users/22602/Desktop/SCARA/SCARA_F103/UserApp/stepper_driver.c:161:6:Stepper_EnableAll	16	static
C:/Users/22602/Desktop/SCARA/SCARA_F103/UserApp/stepper_driver.c:167:6:Stepper_SetDir	16	static
C:/Users/22602/Desktop/SCARA/SCARA_F103/UserApp/stepper_driver.c:174:6:Stepper_SetPps	24	static
C:/Users/22602/Desktop/SCARA/SCARA_F103/UserApp/stepper_driver.c:184:6:Stepper_SetAccel	24	static
C:/Users/22602/Desktop/SCARA/SCARA_F103/UserApp/stepper_driver.c:192:13:target_in_range	16	static
C:/Users/22602/Desktop/SCARA/SCARA_F103/UserApp/stepper_driver.c:203:13:move_prepare	56	static
C:/Users/22602/Desktop/SCARA/SCARA_F103/UserApp/stepper_driver.c:239:6:Stepper_MoveRel	168	static
C:/Users/22602/Desktop/SCARA/SCARA_F103/UserApp/stepper_driver.c:248:6:Stepper_MoveAbs	40	static
C:/Users/22602/Desktop/SCARA/SCARA_F103/UserApp/stepper_driver.c:253:6:Stepper_MoveAbsBlend	392	static
C:/Users/22602/Desktop/SCARA/SCARA_F103/UserApp/stepper_driver.c:320:6:Stepper_Stop	24	static
C:/Users/22602/Desktop/SCARA/SCARA_F103/UserApp/stepper_driver.c:332:6:Stepper_StopAll	8	static
C:/Users/22602/Desktop/SCARA/SCARA_F103/UserApp/stepper_driver.c:338:6:Stepper_EStopAll	16	static
C:/Users/22602/Desktop/SCARA/SCARA_F103/UserApp/stepper_driver.c:346:6:Stepper_ClearError	16	static
C:/Users/22602/Desktop/SCARA/SCARA_F103/UserApp/stepper_driver.c:356:6:Stepper_SetErrorAll	24	static
C:/Users/22602/Desktop/SCARA/SCARA_F103/UserApp/stepper_driver.c:363:6:Stepper_Zero	16	static
C:/Users/22602/Desktop/SCARA/SCARA_F103/UserApp/stepper_driver.c:375:13:axis_tick	152	static
C:/Users/22602/Desktop/SCARA/SCARA_F103/UserApp/stepper_driver.c:467:6:Stepper_Tick1kHz	8	static
C:/Users/22602/Desktop/SCARA/SCARA_F103/UserApp/stepper_driver.c:474:6:Stepper_IsBusy	16	static
C:/Users/22602/Desktop/SCARA/SCARA_F103/UserApp/stepper_driver.c:487:6:Stepper_CanAcceptMove	16	static
C:/Users/22602/Desktop/SCARA/SCARA_F103/UserApp/stepper_driver.c:500:6:Stepper_TargetsAllowed	24	static
C:/Users/22602/Desktop/SCARA/SCARA_F103/UserApp/stepper_driver.c:505:21:Stepper_GetState	4	static
C:/Users/22602/Desktop/SCARA/SCARA_F103/UserApp/stepper_driver.c:510:6:Stepper_GetStateSnapshot	24	static
C:/Users/22602/Desktop/SCARA/SCARA_F103/UserApp/stepper_driver.c:521:13:Stepper_ModeName	16	static
