Archive member included to satisfy reference by file (symbol)

A:/cmake-4.2.1/arm-gnu-toolchain-14.3.rel1-mingw-w64-x86_64-arm-none-eabi/bin/../lib/gcc/arm-none-eabi/14.3.1/../../../../arm-none-eabi/lib/thumb/v7-m/nofp\libm.a(libm_a-wf_acos.o)
                              CMakeFiles/SCARA_F103.dir/UserApp/scara_kinematics.c.obj (acosf)
A:/cmake-4.2.1/arm-gnu-toolchain-14.3.rel1-mingw-w64-x86_64-arm-none-eabi/bin/../lib/gcc/arm-none-eabi/14.3.1/../../../../arm-none-eabi/lib/thumb/v7-m/nofp\libm.a(libm_a-wf_atan2.o)
                              CMakeFiles/SCARA_F103.dir/UserApp/scara_kinematics.c.obj (atan2f)
A:/cmake-4.2.1/arm-gnu-toolchain-14.3.rel1-mingw-w64-x86_64-arm-none-eabi/bin/../lib/gcc/arm-none-eabi/14.3.1/../../../../arm-none-eabi/lib/thumb/v7-m/nofp\libm.a(libm_a-wf_sqrt.o)
                              CMakeFiles/SCARA_F103.dir/UserApp/scara_kinematics.c.obj (sqrtf)
A:/cmake-4.2.1/arm-gnu-toolchain-14.3.rel1-mingw-w64-x86_64-arm-none-eabi/bin/../lib/gcc/arm-none-eabi/14.3.1/../../../../arm-none-eabi/lib/thumb/v7-m/nofp\libm.a(libm_a-sf_cos.o)
                              CMakeFiles/SCARA_F103.dir/UserApp/scara_kinematics.c.obj (cosf)
A:/cmake-4.2.1/arm-gnu-toolchain-14.3.rel1-mingw-w64-x86_64-arm-none-eabi/bin/../lib/gcc/arm-none-eabi/14.3.1/../../../../arm-none-eabi/lib/thumb/v7-m/nofp\libm.a(libm_a-sf_fabs.o)
                              A:/cmake-4.2.1/arm-gnu-toolchain-14.3.rel1-mingw-w64-x86_64-arm-none-eabi/bin/../lib/gcc/arm-none-eabi/14.3.1/../../../../arm-none-eabi/lib/thumb/v7-m/nofp\libm.a(libm_a-wf_acos.o) (fabsf)
A:/cmake-4.2.1/arm-gnu-toolchain-14.3.rel1-mingw-w64-x86_64-arm-none-eabi/bin/../lib/gcc/arm-none-eabi/14.3.1/../../../../arm-none-eabi/lib/thumb/v7-m/nofp\libm.a(libm_a-sf_sin.o)
                              CMakeFiles/SCARA_F103.dir/UserApp/scara_kinematics.c.obj (sinf)
A:/cmake-4.2.1/arm-gnu-toolchain-14.3.rel1-mingw-w64-x86_64-arm-none-eabi/bin/../lib/gcc/arm-none-eabi/14.3.1/../../../../arm-none-eabi/lib/thumb/v7-m/nofp\libm.a(libm_a-sf_nan.o)
                              A:/cmake-4.2.1/arm-gnu-toolchain-14.3.rel1-mingw-w64-x86_64-arm-none-eabi/bin/../lib/gcc/arm-none-eabi/14.3.1/../../../../arm-none-eabi/lib/thumb/v7-m/nofp\libm.a(libm_a-wf_acos.o) (nanf)
A:/cmake-4.2.1/arm-gnu-toolchain-14.3.rel1-mingw-w64-x86_64-arm-none-eabi/bin/../lib/gcc/arm-none-eabi/14.3.1/../../../../arm-none-eabi/lib/thumb/v7-m/nofp\libm.a(libm_a-ef_sqrt.o)
                              A:/cmake-4.2.1/arm-gnu-toolchain-14.3.rel1-mingw-w64-x86_64-arm-none-eabi/bin/../lib/gcc/arm-none-eabi/14.3.1/../../../../arm-none-eabi/lib/thumb/v7-m/nofp\libm.a(libm_a-wf_sqrt.o) (__ieee754_sqrtf)
A:/cmake-4.2.1/arm-gnu-toolchain-14.3.rel1-mingw-w64-x86_64-arm-none-eabi/bin/../lib/gcc/arm-none-eabi/14.3.1/../../../../arm-none-eabi/lib/thumb/v7-m/nofp\libm.a(libm_a-kf_cos.o)
                              A:/cmake-4.2.1/arm-gnu-toolchain-14.3.rel1-mingw-w64-x86_64-arm-none-eabi/bin/../lib/gcc/arm-none-eabi/14.3.1/../../../../arm-none-eabi/lib/thumb/v7-m/nofp\libm.a(libm_a-sf_cos.o) (__kernel_cosf)
A:/cmake-4.2.1/arm-gnu-toolchain-14.3.rel1-mingw-w64-x86_64-arm-none-eabi/bin/../lib/gcc/arm-none-eabi/14.3.1/../../../../arm-none-eabi/lib/thumb/v7-m/nofp\libm.a(libm_a-kf_sin.o)
                              A:/cmake-4.2.1/arm-gnu-toolchain-14.3.rel1-mingw-w64-x86_64-arm-none-eabi/bin/../lib/gcc/arm-none-eabi/14.3.1/../../../../arm-none-eabi/lib/thumb/v7-m/nofp\libm.a(libm_a-sf_cos.o) (__kernel_sinf)
A:/cmake-4.2.1/arm-gnu-toolchain-14.3.rel1-mingw-w64-x86_64-arm-none-eabi/bin/../lib/gcc/arm-none-eabi/14.3.1/../../../../arm-none-eabi/lib/thumb/v7-m/nofp\libm.a(libm_a-ef_acos.o)
                              A:/cmake-4.2.1/arm-gnu-toolchain-14.3.rel1-mingw-w64-x86_64-arm-none-eabi/bin/../lib/gcc/arm-none-eabi/14.3.1/../../../../arm-none-eabi/lib/thumb/v7-m/nofp\libm.a(libm_a-wf_acos.o) (__ieee754_acosf)
A:/cmake-4.2.1/arm-gnu-toolchain-14.3.rel1-mingw-w64-x86_64-arm-none-eabi/bin/../lib/gcc/arm-none-eabi/14.3.1/../../../../arm-none-eabi/lib/thumb/v7-m/nofp\libm.a(libm_a-ef_atan2.o)
                              A:/cmake-4.2.1/arm-gnu-toolchain-14.3.rel1-mingw-w64-x86_64-arm-none-eabi/bin/../lib/gcc/arm-none-eabi/14.3.1/../../../../arm-none-eabi/lib/thumb/v7-m/nofp\libm.a(libm_a-wf_atan2.o) (__ieee754_atan2f)
A:/cmake-4.2.1/arm-gnu-toolchain-14.3.rel1-mingw-w64-x86_64-arm-none-eabi/bin/../lib/gcc/arm-none-eabi/14.3.1/../../../../arm-none-eabi/lib/thumb/v7-m/nofp\libm.a(libm_a-ef_rem_pio2.o)
                              A:/cmake-4.2.1/arm-gnu-toolchain-14.3.rel1-mingw-w64-x86_64-arm-none-eabi/bin/../lib/gcc/arm-none-eabi/14.3.1/../../../../arm-none-eabi/lib/thumb/v7-m/nofp\libm.a(libm_a-sf_cos.o) (__ieee754_rem_pio2f)
A:/cmake-4.2.1/arm-gnu-toolchain-14.3.rel1-mingw-w64-x86_64-arm-none-eabi/bin/../lib/gcc/arm-none-eabi/14.3.1/../../../../arm-none-eabi/lib/thumb/v7-m/nofp\libm.a(libm_a-sf_atan.o)
[...]
Memory Configuration

Name             Origin             Length             Attributes
RAM              0x20000000         0x00005000         xrw
FLASH            0x08000000         0x0000fc00         xr
*default*        0x00000000         0xffffffff

Linker script and memory map

LOAD A:/cmake-4.2.1/arm-gnu-toolchain-14.3.rel1-mingw-w64-x86_64-arm-none-eabi/bin/../lib/gcc/arm-none-eabi/14.3.1/thumb/v7-m/nofp/crti.o
LOAD A:/cmake-4.2.1/arm-gnu-toolchain-14.3.rel1-mingw-w64-x86_64-arm-none-eabi/bin/../lib/gcc/arm-none-eabi/14.3.1/thumb/v7-m/nofp/crtbegin.o
LOAD A:/cmake-4.2.1/arm-gnu-toolchain-14.3.rel1-mingw-w64-x86_64-arm-none-eabi/bin/../lib/gcc/arm-none-eabi/14.3.1/../../../../arm-none-eabi/lib/thumb/v7-m/nofp/crt0.o
LOAD cmake/stm32cubemx/CMakeFiles/STM32_Drivers.dir/__/__/Core/Src/system_stm32f1xx.c.obj
LOAD cmake/stm32cubemx/CMakeFiles/STM32_Drivers.dir/__/__/Drivers/STM32F1xx_HAL_Driver/Src/stm32f1xx_hal_gpio_ex.c.obj
LOAD cmake/stm32cubemx/CMakeFiles/STM32_Drivers.dir/__/__/Drivers/STM32F1xx_HAL_Driver/Src/stm32f1xx_hal_tim.c.obj
LOAD cmake/stm32cubemx/CMakeFiles/STM32_Drivers.dir/__/__/Drivers/STM32F1xx_HAL_Driver/Src/stm32f1xx_hal_tim_ex.c.obj
LOAD cmake/stm32cubemx/CMakeFiles/STM32_Drivers.dir/__/__/Drivers/STM32F1xx_HAL_Driver/Src/stm32f1xx_hal.c.obj
LOAD cmake/stm32cubemx/CMakeFiles/STM32_Drivers.dir/__/__/Drivers/STM32F1xx_HAL_Driver/Src/stm32f1xx_hal_rcc.c.obj
LOAD cmake/stm32cubemx/CMakeFiles/STM32_Drivers.dir/__/__/Drivers/STM32F1xx_HAL_Driver/Src/stm32f1xx_hal_rcc_ex.c.obj
LOAD cmake/stm32cubemx/CMakeFiles/STM32_Drivers.dir/__/__/Drivers/STM32F1xx_HAL_Driver/Src/stm32f1xx_hal_gpio.c.obj
LOAD cmake/stm32cubemx/CMakeFiles/STM32_Drivers.dir/__/__/Drivers/STM32F1xx_HAL_Driver/Src/stm32f1xx_hal_dma.c.obj
LOAD cmake/stm32cubemx/CMakeFiles/STM32_Drivers.dir/__/__/Drivers/STM32F1xx_HAL_Driver/Src/stm32f1xx_hal_cortex.c.obj
LOAD cmake/stm32cubemx/CMakeFiles/STM32_Drivers.dir/__/__/Drivers/STM32F1xx_HAL_Driver/Src/stm32f1xx_hal_pwr.c.obj
LOAD cmake/stm32cubemx/CMakeFiles/STM32_Drivers.dir/__/__/Drivers/STM32F1xx_HAL_Driver/Src/stm32f1xx_hal_flash.c.obj
LOAD cmake/stm32cubemx/CMakeFiles/STM32_Drivers.dir/__/__/Drivers/STM32F1xx_HAL_Driver/Src/stm32f1xx_hal_flash_ex.c.obj
LOAD cmake/stm32cubemx/CMakeFiles/STM32_Drivers.dir/__/__/Drivers/STM32F1xx_HAL_Driver/Src/stm32f1xx_hal_exti.c.obj
LOAD cmake/stm32cubemx/CMakeFiles/STM32_Drivers.dir/__/__/Drivers/STM32F1xx_HAL_Driver/Src/stm32f1xx_hal_uart.c.obj
LOAD CMakeFiles/SCARA_F103.dir/Core/Src/main.c.obj
LOAD CMakeFiles/SCARA_F103.dir/Core/Src/gpio.c.obj
LOAD CMakeFiles/SCARA_F103.dir/Core/Src/dma.c.obj
LOAD CMakeFiles/SCARA_F103.dir/Core/Src/tim.c.obj
LOAD CMakeFiles/SCARA_F103.dir/Core/Src/usart.c.obj
LOAD CMakeFiles/SCARA_F103.dir/Core/Src/stm32f1xx_it.c.obj
LOAD CMakeFiles/SCARA_F103.dir/Core/Src/stm32f1xx_hal_msp.c.obj
LOAD CMakeFiles/SCARA_F103.dir/Core/Src/sysmem.c.obj
LOAD CMakeFiles/SCARA_F103.dir/Core/Src/syscalls.c.obj
LOAD CMakeFiles/SCARA_F103.dir/startup_stm32f103xb.s.obj
LOAD CMakeFiles/SCARA_F103.dir/UserApp/app_main.c.obj
LOAD CMakeFiles/SCARA_F103.dir/UserApp/app_params.c.obj
LOAD CMakeFiles/SCARA_F103.dir/UserApp/gcode_stream.c.obj
LOAD CMakeFiles/SCARA_F103.dir/UserApp/home_controller.c.obj
LOAD CMakeFiles/SCARA_F103.dir/UserApp/home_sensor.c.obj
LOAD CMakeFiles/SCARA_F103.dir/UserApp/motion_planner.c.obj
LOAD CMakeFiles/SCARA_F103.dir/UserApp/protocol.c.obj
LOAD CMakeFiles/SCARA_F103.dir/UserApp/scara_kinematics.c.obj
LOAD CMakeFiles/SCARA_F103.dir/UserApp/serial_dma.c.obj
LOAD CMakeFiles/SCARA_F103.dir/UserApp/stepper_driver.c.obj
LOAD A:/cmake-4.2.1/arm-gnu-toolchain-14.3.rel1-mingw-w64-x86_64-arm-none-eabi/bin/../lib/gcc/arm-none-eabi/14.3.1/../../../../arm-none-eabi/lib/thumb/v7-m/nofp\libm.a
START GROUP
LOAD A:/cmake-4.2.1/arm-gnu-toolchain-14.3.rel1-mingw-w64-x86_64-arm-none-eabi/bin/../lib/gcc/arm-none-eabi/14.3.1/thumb/v7-m/nofp\libgcc.a
LOAD A:/cmake-4.2.1/arm-gnu-toolchain-14.3.rel1-mingw-w64-x86_64-arm-none-eabi/bin/../lib/gcc/arm-none-eabi/14.3.1/../../../../arm-none-eabi/lib/thumb/v7-m/nofp\libg_nano.a
LOAD A:/cmake-4.2.1/arm-gnu-toolchain-14.3.rel1-mingw-w64-x86_64-arm-none-eabi/bin/../lib/gcc/arm-none-eabi/14.3.1/../../../../arm-none-eabi/lib/thumb/v7-m/nofp\libc_nano.a
END GROUP
START GROUP
LOAD A:/cmake-4.2.1/arm-gnu-toolchain-14.3.rel1-mingw-w64-x86_64-arm-none-eabi/bin/../lib/gcc/arm-none-eabi/14.3.1/thumb/v7-m/nofp\libgcc.a
LOAD A:/cmake-4.2.1/arm-gnu-toolchain-14.3.rel1-mingw-w64-x86_64-arm-none-eabi/bin/../lib/gcc/arm-none-eabi/14.3.1/../../../../arm-none-eabi/lib/thumb/v7-m/nofp\libc_nano.a
END GROUP
LOAD A:/cmake-4.2.1/arm-gnu-toolchain-14.3.rel1-mingw-w64-x86_64-arm-none-eabi/bin/../lib/gcc/arm-none-eabi/14.3.1/thumb/v7-m/nofp/crtend.o
LOAD A:/cmake-4.2.1/arm-gnu-toolchain-14.3.rel1-mingw-w64-x86_64-arm-none-eabi/bin/../lib/gcc/arm-none-eabi/14.3.1/thumb/v7-m/nofp/crtn.o
                0x20005000                        _estack = (ORIGIN (RAM) + LENGTH (RAM))
                0x20004c00                        _sstack = (_estack - _Min_Stack_Size)
                0x00000200                        _Min_Heap_Size = 0x200
                0x00000400                        _Min_Stack_Size = 0x400

.isr_vector     0x08000000      0x10c
                0x08000000                        . = ALIGN (0x4)
 *(.isr_vector)
 .isr_vector    0x08000000      0x10c CMakeFiles/SCARA_F103.dir/startup_stm32f103xb.s.obj
                0x08000000                g_pfnVectors
                0x0800010c                        . = ALIGN (0x4)

.text           0x0800010c     0xbadc
                0x0800010c                        . = ALIGN (0x4)
 *(.text)
 .text          0x0800010c      0x21c A:/cmake-4.2.1/arm-gnu-toolchain-14.3.rel1-mingw-w64-x86_64-arm-none-eabi/bin/../lib/gcc/arm-none-eabi/14.3.1/thumb/v7-m/nofp\libgcc.a(_arm_addsubsf3.o)
                0x0800010c                __aeabi_frsub
                0x08000114                __subsf3
                0x08000114                __aeabi_fsub
                0x08000118                __aeabi_fadd
                0x08000118                __addsf3
                0x08000278                __aeabi_ui2f
                0x08000278                __floatunsisf
                0x08000280                __aeabi_i2f
                0x08000280                __floatsisf
                0x0800029c                __aeabi_ul2f
                0x0800029c                __floatundisf
                0x080002ac                __aeabi_l2f
                0x080002ac                __floatdisf
 .text          0x08000328      0x2a0 A:/cmake-4.2.1/arm-gnu-toolchain-14.3.rel1-mingw-w64-x86_64-arm-none-eabi/bin/../lib/gcc/arm-none-eabi/14.3.1/thumb/v7-m/nofp\libgcc.a(_arm_muldivsf3.o)
                0x08000328                __mulsf3
                0x08000328                __aeabi_fmul
                0x08000490                __aeabi_fdiv
                0x08000490                __divsf3
 .text          0x080005c8       0xec A:/cmake-4.2.1/arm-gnu-toolchain-14.3.rel1-mingw-w64-x86_64-arm-none-eabi/bin/../lib/gcc/arm-none-eabi/14.3.1/thumb/v7-m/nofp\libgcc.a(_arm_cmpsf2.o)
                0x080005c8                __gesf2
                0x080005c8                __gtsf2
                0x080005d0                __lesf2
                0x080005d0                __ltsf2
                0x080005d8                __nesf2
                0x080005d8                __eqsf2
                0x080005d8                __cmpsf2
                0x08000638                __aeabi_cfrcmple
                0x08000640                __aeabi_cfcmpeq
                0x08000640                __aeabi_cfcmple
                0x08000650                __aeabi_fcmpeq
                0x08000664                __aeabi_fcmplt
                0x08000678                __aeabi_fcmple
                0x0800068c                __aeabi_fcmpge
                0x080006a0                __aeabi_fcmpgt
 .text          0x080006b4       0x2c A:/cmake-4.2.1/arm-gnu-toolchain-14.3.rel1-mingw-w64-x86_64-arm-none-eabi/bin/../lib/gcc/arm-none-eabi/14.3.1/thumb/v7-m/nofp\libgcc.a(_arm_unordsf2.o)
                0x080006b4                __unordsf2
                0x080006b4                __aeabi_fcmpun
 .text          0x080006e0       0x4c A:/cmake-4.2.1/arm-gnu-toolchain-14.3.rel1-mingw-w64-x86_64-arm-none-eabi/bin/../lib/gcc/arm-none-eabi/14.3.1/thumb/v7-m/nofp\libgcc.a(_arm_fixsfsi.o)
                0x080006e0                __aeabi_f2iz
                0x080006e0                __fixsfsi
 .text          0x0800072c       0xa0 A:/cmake-4.2.1/arm-gnu-toolchain-14.3.rel1-mingw-w64-x86_64-arm-none-eabi/bin/../lib/gcc/arm-none-eabi/14.3.1/thumb/v7-m/nofp\libgcc.a(_aeabi_ldivmod.o)
                0x0800072c                __aeabi_ldivmod
 .text          0x080007cc       0x30 A:/cmake-4.2.1/arm-gnu-toolchain-14.3.rel1-mingw-w64-x86_64-arm-none-eabi/bin/../lib/gcc/arm-none-eabi/14.3.1/thumb/v7-m/nofp\libgcc.a(_aeabi_uldivmod.o)
                0x080007cc                __aeabi_uldivmod
 .text          0x080007fc        0x4 A:/cmake-4.2.1/arm-gnu-toolchain-14.3.rel1-mingw-w64-x86_64-arm-none-eabi/bin/../lib/gcc/arm-none-eabi/14.3.1/thumb/v7-m/nofp\libgcc.a(_dvmd_tls.o)
                0x080007fc                __aeabi_idiv0
                0x080007fc                __aeabi_ldiv0
 .text          0x08000800       0x14 A:/cmake-4.2.1/arm-gnu-toolchain-14.3.rel1-mingw-w64-x86_64-arm-none-eabi/bin/../lib/gcc/arm-none-eabi/14.3.1/../../../../arm-none-eabi/lib/thumb/v7-m/nofp\libg_nano.a(libc_a-strcmp.o)
                0x08000800                strcmp
 .text          0x08000814       0x10 A:/cmake-4.2.1/arm-gnu-toolchain-14.3.rel1-mingw-w64-x86_64-arm-none-eabi/bin/../lib/gcc/arm-none-eabi/14.3.1/../../../../arm-none-eabi/lib/thumb/v7-m/nofp\libg_nano.a(libc_a-strlen.o)
                0x08000814                strlen
 *(.text*)
 .text.deregister_tm_clones
                0x08000824       0x1c A:/cmake-4.2.1/arm-gnu-toolchain-14.3.rel1-mingw-w64-x86_64-arm-none-eabi/bin/../lib/gcc/arm-none-eabi/14.3.1/thumb/v7-m/nofp/crtbegin.o
 .text.register_tm_clones
                0x08000840       0x24 A:/cmake-4.2.1/arm-gnu-toolchain-14.3.rel1-mingw-w64-x86_64-arm-none-eabi/bin/../lib/gcc/arm-none-eabi/14.3.1/thumb/v7-m/nofp/crtbegin.o
 .text.__do_global_dtors_aux
                0x08000864       0x28 A:/cmake-4.2.1/arm-gnu-toolchain-14.3.rel1-mingw-w64-x86_64-arm-none-eabi/bin/../lib/gcc/arm-none-eabi/14.3.1/thumb/v7-m/nofp/crtbegin.o
 .text.frame_dummy
                0x0800088c       0x24 A:/cmake-4.2.1/arm-gnu-toolchain-14.3.rel1-mingw-w64-x86_64-arm-none-eabi/bin/../lib/gcc/arm-none-eabi/14.3.1/thumb/v7-m/nofp/crtbegin.o
 .text.SystemInit
                0x080008b0        0xc cmake/stm32cubemx/CMakeFiles/STM32_Drivers.dir/__/__/Core/Src/system_stm32f1xx.c.obj
                0x080008b0                SystemInit
 .text.HAL_TIM_Base_Init
                0x080008bc       0x9e cmake/stm32cubemx/CMakeFiles/STM32_Drivers.dir/__/__/Drivers/STM32F1xx_HAL_Driver/Src/stm32f1xx_hal_tim.c.obj
                0x080008bc                HAL_TIM_Base_Init
 *fill*         0x0800095a        0x2 
 .text.HAL_TIM_Base_Start_IT
                0x0800095c       0xa4 cmake/stm32cubemx/CMakeFiles/STM32_Drivers.dir/__/__/Drivers/STM32F1xx_HAL_Driver/Src/stm32f1xx_hal_tim.c.obj
                0x0800095c                HAL_TIM_Base_Start_IT
 .text.HAL_TIM_PWM_Init
                0x08000a00       0x9e cmake/stm32cubemx/CMakeFiles/STM32_Drivers.dir/__/__/Drivers/STM32F1xx_HAL_Driver/Src/stm32f1xx_hal_tim.c.obj
                0x08000a00                HAL_TIM_PWM_Init
 .text.HAL_TIM_PWM_MspInit
                0x08000a9e       0x12 cmake/stm32cubemx/CMakeFiles/STM32_Drivers.dir/__/__/Drivers/STM32F1xx_HAL_Driver/Src/stm32f1xx_hal_tim.c.obj
                0x08000a9e                HAL_TIM_PWM_MspInit
 .text.HAL_TIM_PWM_Start
                0x08000ab0      0x144 cmake/stm32cubemx/CMakeFiles/STM32_Drivers.dir/__/__/Drivers/STM32F1xx_HAL_Driver/Src/stm32f1xx_hal_tim.c.obj
                0x08000ab0                HAL_TIM_PWM_Start
 .text.HAL_TIM_IRQHandler
                0x08000bf4      0x1e0 cmake/stm32cubemx/CMakeFiles/STM32_Drivers.dir/__/__/Drivers/STM32F1xx_HAL_Driver/Src/stm32f1xx_hal_tim.c.obj
                0x08000bf4                HAL_TIM_IRQHandler
 .text.HAL_TIM_PWM_ConfigChannel
                0x08000dd4      0x184 cmake/stm32cubemx/CMakeFiles/STM32_Drivers.dir/__/__/Drivers/STM32F1xx_HAL_Driver/Src/stm32f1xx_hal_tim.c.obj
                0x08000dd4                HAL_TIM_PWM_ConfigChannel
 .text.HAL_TIM_ConfigClockSource
                0x08000f58      0x18e cmake/stm32cubemx/CMakeFiles/STM32_Drivers.dir/__/__/Drivers/STM32F1xx_HAL_Driver/Src/stm32f1xx_hal_tim.c.obj
                0x08000f58                HAL_TIM_ConfigClockSource
 .text.HAL_TIM_OC_DelayElapsedCallback
                0x080010e6       0x12 cmake/stm32cubemx/CMakeFiles/STM32_Drivers.dir/__/__/Drivers/STM32F1xx_HAL_Driver/Src/stm32f1xx_hal_tim.c.obj
                0x080010e6                HAL_TIM_OC_DelayElapsedCallback
 .text.HAL_TIM_IC_CaptureCallback
                0x080010f8       0x12 cmake/stm32cubemx/CMakeFiles/STM32_Drivers.dir/__/__/Drivers/STM32F1xx_HAL_Driver/Src/stm32f1xx_hal_tim.c.obj
                0x080010f8                HAL_TIM_IC_CaptureCallback
 .text.HAL_TIM_PWM_PulseFinishedCallback
                0x0800110a       0x12 cmake/stm32cubemx/CMakeFiles/STM32_Drivers.dir/__/__/Drivers/STM32F1xx_HAL_Driver/Src/stm32f1xx_hal_tim.c.obj
                0x0800110a                HAL_TIM_PWM_PulseFinishedCallback
 .text.HAL_TIM_TriggerCallback
                0x0800111c       0x12 cmake/stm32cubemx/CMakeFiles/STM32_Drivers.dir/__/__/Drivers/STM32F1xx_HAL_Driver/Src/stm32f1xx_hal_tim.c.obj
                0x0800111c                HAL_TIM_TriggerCallback
 *fill*         0x0800112e        0x2 
 .text.TIM_Base_SetConfig
                0x08001130       0xdc cmake/stm32cubemx/CMakeFiles/STM32_Drivers.dir/__/__/Drivers/STM32F1xx_HAL_Driver/Src/stm32f1xx_hal_tim.c.obj
                0x08001130                TIM_Base_SetConfig
 .text.TIM_OC1_SetConfig
                0x0800120c       0xcc cmake/stm32cubemx/CMakeFiles/STM32_Drivers.dir/__/__/Drivers/STM32F1xx_HAL_Driver/Src/stm32f1xx_hal_tim.c.obj
 .text.TIM_OC2_SetConfig
                0x080012d8       0xd4 cmake/stm32cubemx/CMakeFiles/STM32_Drivers.dir/__/__/Drivers/STM32F1xx_HAL_Driver/Src/stm32f1xx_hal_tim.c.obj
                0x080012d8                TIM_OC2_SetConfig
 .text.TIM_OC3_SetConfig
                0x080013ac       0xd4 cmake/stm32cubemx/CMakeFiles/STM32_Drivers.dir/__/__/Drivers/STM32F1xx_HAL_Driver/Src/stm32f1xx_hal_tim.c.obj
 .text.TIM_OC4_SetConfig
                0x08001480       0x9c cmake/stm32cubemx/CMakeFiles/STM32_Drivers.dir/__/__/Drivers/STM32F1xx_HAL_Driver/Src/stm32f1xx_hal_tim.c.obj
 .text.TIM_TI1_ConfigInputStage
                0x0800151c       0x5c cmake/stm32cubemx/CMakeFiles/STM32_Drivers.dir/__/__/Drivers/STM32F1xx_HAL_Driver/Src/stm32f1xx_hal_tim.c.obj
 .text.TIM_TI2_ConfigInputStage
                0x08001578       0x5e cmake/stm32cubemx/CMakeFiles/STM32_Drivers.dir/__/__/Drivers/STM32F1xx_HAL_Driver/Src/stm32f1xx_hal_tim.c.obj
 .text.TIM_ITRx_SetConfig
                0x080015d6       0x34 cmake/stm32cubemx/CMakeFiles/STM32_Drivers.dir/__/__/Drivers/STM32F1xx_HAL_Driver/Src/stm32f1xx_hal_tim.c.obj
 .text.TIM_ETR_SetConfig
                0x0800160a       0x3e cmake/stm32cubemx/CMakeFiles/STM32_Drivers.dir/__/__/Drivers/STM32F1xx_HAL_Driver/Src/stm32f1xx_hal_tim.c.obj
                0x0800160a                TIM_ETR_SetConfig
 .text.TIM_CCxChannelCmd
                0x08001648       0x48 cmake/stm32cubemx/CMakeFiles/STM32_Drivers.dir/__/__/Drivers/STM32F1xx_HAL_Driver/Src/stm32f1xx_hal_tim.c.obj
                0x08001648                TIM_CCxChannelCmd
 .text.HAL_TIMEx_MasterConfigSynchronization
                0x08001690       0xbc cmake/stm32cubemx/CMakeFiles/STM32_Drivers.dir/__/__/Drivers/STM32F1xx_HAL_Driver/Src/stm32f1xx_hal_tim_ex.c.obj
                0x08001690                HAL_TIMEx_MasterConfigSynchronization
 .text.HAL_TIMEx_ConfigBreakDeadTime
                0x0800174c       0xa2 cmake/stm32cubemx/CMakeFiles/STM32_Drivers.dir/__/__/Drivers/STM32F1xx_HAL_Driver/Src/stm32f1xx_hal_tim_ex.c.obj
                0x0800174c                HAL_TIMEx_ConfigBreakDeadTime
 .text.HAL_TIMEx_CommutCallback
                0x080017ee       0x12 cmake/stm32cubemx/CMakeFiles/STM32_Drivers.dir/__/__/Drivers/STM32F1xx_HAL_Driver/Src/stm32f1xx_hal_tim_ex.c.obj
                0x080017ee                HAL_TIMEx_CommutCallback
 .text.HAL_TIMEx_BreakCallback
                0x08001800       0x12 cmake/stm32cubemx/CMakeFiles/STM32_Drivers.dir/__/__/Drivers/STM32F1xx_HAL_Driver/Src/stm32f1xx_hal_tim_ex.c.obj
                0x08001800                HAL_TIMEx_BreakCallback
 *fill*         0x08001812        0x2 
 .text.HAL_Init
                0x08001814       0x2c cmake/stm32cubemx/CMakeFiles/STM32_Drivers.dir/__/__/Drivers/STM32F1xx_HAL_Driver/Src/stm32f1xx_hal.c.obj
                0x08001814                HAL_Init
 .text.HAL_InitTick
                0x08001840       0x60 cmake/stm32cubemx/CMakeFiles/STM32_Drivers.dir/__/__/Drivers/STM32F1xx_HAL_Driver/Src/stm32f1xx_hal.c.obj
                0x08001840                HAL_InitTick
 .text.HAL_IncTick
                0x080018a0       0x24 cmake/stm32cubemx/CMakeFiles/STM32_Drivers.dir/__/__/Drivers/STM32F1xx_HAL_Driver/Src/stm32f1xx_hal.c.obj
                0x080018a0                HAL_IncTick
 .text.HAL_GetTick
                0x080018c4       0x14 cmake/stm32cubemx/CMakeFiles/STM32_Drivers.dir/__/__/Drivers/STM32F1xx_HAL_Driver/Src/stm32f1xx_hal.c.obj
                0x080018c4                HAL_GetTick
 .text.HAL_RCC_OscConfig
                0x080018d8      0x504 cmake/stm32cubemx/CMakeFiles/STM32_Drivers.dir/__/__/Drivers/STM32F1xx_HAL_Driver/Src/stm32f1xx_hal_rcc.c.obj
                0x080018d8                HAL_RCC_OscConfig
 .text.HAL_RCC_ClockConfig
                0x08001ddc      0x1d4 cmake/stm32cubemx/CMakeFiles/STM32_Drivers.dir/__/__/Drivers/STM32F1xx_HAL_Driver/Src/stm32f1xx_hal_rcc.c.obj
                0x08001ddc                HAL_RCC_ClockConfig
 .text.HAL_RCC_GetSysClockFreq
                0x08001fb0       0xa8 cmake/stm32cubemx/CMakeFiles/STM32_Drivers.dir/__/__/Drivers/STM32F1xx_HAL_Driver/Src/stm32f1xx_hal_rcc.c.obj
                0x08001fb0                HAL_RCC_GetSysClockFreq
 .text.HAL_RCC_GetHCLKFreq
                0x08002058       0x14 cmake/stm32cubemx/CMakeFiles/STM32_Drivers.dir/__/__/Drivers/STM32F1xx_HAL_Driver/Src/stm32f1xx_hal_rcc.c.obj
                0x08002058                HAL_RCC_GetHCLKFreq
 .text.HAL_RCC_GetPCLK1Freq
                0x0800206c       0x28 cmake/stm32cubemx/CMakeFiles/STM32_Drivers.dir/__/__/Drivers/STM32F1xx_HAL_Driver/Src/stm32f1xx_hal_rcc.c.obj
                0x0800206c                HAL_RCC_GetPCLK1Freq
 .text.HAL_RCC_GetPCLK2Freq
                0x08002094       0x28 cmake/stm32cubemx/CMakeFiles/STM32_Drivers.dir/__/__/Drivers/STM32F1xx_HAL_Driver/Src/stm32f1xx_hal_rcc.c.obj
                0x08002094                HAL_RCC_GetPCLK2Freq
 .text.RCC_Delay
                0x080020bc       0x3c cmake/stm32cubemx/CMakeFiles/STM32_Drivers.dir/__/__/Drivers/STM32F1xx_HAL_Driver/Src/stm32f1xx_hal_rcc.c.obj
 .text.HAL_GPIO_Init
                0x080020f8      0x308 cmake/stm32cubemx/CMakeFiles/STM32_Drivers.dir/__/__/Drivers/STM32F1xx_HAL_Driver/Src/stm32f1xx_hal_gpio.c.obj
                0x080020f8                HAL_GPIO_Init
 .text.HAL_GPIO_ReadPin
                0x08002400       0x2e cmake/stm32cubemx/CMakeFiles/STM32_Drivers.dir/__/__/Drivers/STM32F1xx_HAL_Driver/Src/stm32f1xx_hal_gpio.c.obj
                0x08002400                HAL_GPIO_ReadPin
 .text.HAL_GPIO_WritePin
                0x0800242e       0x30 cmake/stm32cubemx/CMakeFiles/STM32_Drivers.dir/__/__/Drivers/STM32F1xx_HAL_Driver/Src/stm32f1xx_hal_gpio.c.obj
                0x0800242e                HAL_GPIO_WritePin
 *fill*         0x0800245e        0x2 
 .text.HAL_DMA_Init
                0x08002460       0xb4 cmake/stm32cubemx/CMakeFiles/STM32_Drivers.dir/__/__/Drivers/STM32F1xx_HAL_Driver/Src/stm32f1xx_hal_dma.c.obj
                0x08002460                HAL_DMA_Init
 .text.HAL_DMA_Start_IT
                0x08002514       0xc0 cmake/stm32cubemx/CMakeFiles/STM32_Drivers.dir/__/__/Drivers/STM32F1xx_HAL_Driver/Src/stm32f1xx_hal_dma.c.obj
                0x08002514                HAL_DMA_Start_IT
 .text.HAL_DMA_Abort
                0x080025d4       0x76 cmake/stm32cubemx/CMakeFiles/STM32_Drivers.dir/__/__/Drivers/STM32F1xx_HAL_Driver/Src/stm32f1xx_hal_dma.c.obj
                0x080025d4                HAL_DMA_Abort
 *fill*         0x0800264a        0x2 
 .text.HAL_DMA_Abort_IT
                0x0800264c       0xf0 cmake/stm32cubemx/CMakeFiles/STM32_Drivers.dir/__/__/Drivers/STM32F1xx_HAL_Driver/Src/stm32f1xx_hal_dma.c.obj
                0x0800264c                HAL_DMA_Abort_IT
 .text.HAL_DMA_IRQHandler
                0x0800273c      0x20c cmake/stm32cubemx/CMakeFiles/STM32_Drivers.dir/__/__/Drivers/STM32F1xx_HAL_Driver/Src/stm32f1xx_hal_dma.c.obj
                0x0800273c                HAL_DMA_IRQHandler
 .text.DMA_SetConfig
                0x08002948       0x5a cmake/stm32cubemx/CMakeFiles/STM32_Drivers.dir/__/__/Drivers/STM32F1xx_HAL_Driver/Src/stm32f1xx_hal_dma.c.obj
 *fill*         0x080029a2        0x2 
 .text.__NVIC_SetPriorityGrouping
                0x080029a4       0x48 cmake/stm32cubemx/CMakeFiles/STM32_Drivers.dir/__/__/Drivers/STM32F1xx_HAL_Driver/Src/stm32f1xx_hal_cortex.c.obj
 .text.__NVIC_GetPriorityGrouping
                0x080029ec       0x1c cmake/stm32cubemx/CMakeFiles/STM32_Drivers.dir/__/__/Drivers/STM32F1xx_HAL_Driver/Src/stm32f1xx_hal_cortex.c.obj
 .text.__NVIC_EnableIRQ
                0x08002a08       0x38 cmake/stm32cubemx/CMakeFiles/STM32_Drivers.dir/__/__/Drivers/STM32F1xx_HAL_Driver/Src/stm32f1xx_hal_cortex.c.obj
 .text.__NVIC_SetPriority
                0x08002a40       0x54 cmake/stm32cubemx/CMakeFiles/STM32_Drivers.dir/__/__/Drivers/STM32F1xx_HAL_Driver/Src/stm32f1xx_hal_cortex.c.obj
 .text.NVIC_EncodePriority
                0x08002a94       0x64 cmake/stm32cubemx/CMakeFiles/STM32_Drivers.dir/__/__/Drivers/STM32F1xx_HAL_Driver/Src/stm32f1xx_hal_cortex.c.obj
 .text.SysTick_Config
                0x08002af8       0x44 cmake/stm32cubemx/CMakeFiles/STM32_Drivers.dir/__/__/Drivers/STM32F1xx_HAL_Driver/Src/stm32f1xx_hal_cortex.c.obj
 .text.HAL_NVIC_SetPriorityGrouping
                0x08002b3c       0x16 cmake/stm32cubemx/CMakeFiles/STM32_Drivers.dir/__/__/Drivers/STM32F1xx_HAL_Driver/Src/stm32f1xx_hal_cortex.c.obj
                0x08002b3c                HAL_NVIC_SetPriorityGrouping
 .text.HAL_NVIC_SetPriority
                0x08002b52       0x38 cmake/stm32cubemx/CMakeFiles/STM32_Drivers.dir/__/__/Drivers/STM32F1xx_HAL_Driver/Src/stm32f1xx_hal_cortex.c.obj
                0x08002b52                HAL_NVIC_SetPriority
 .text.HAL_NVIC_EnableIRQ
                0x08002b8a       0x1c cmake/stm32cubemx/CMakeFiles/STM32_Drivers.dir/__/__/Drivers/STM32F1xx_HAL_Driver/Src/stm32f1xx_hal_cortex.c.obj
                0x08002b8a                HAL_NVIC_EnableIRQ
 .text.HAL_SYSTICK_Config
                0x08002ba6       0x18 cmake/stm32cubemx/CMakeFiles/STM32_Drivers.dir/__/__/Drivers/STM32F1xx_HAL_Driver/Src/stm32f1xx_hal_cortex.c.obj
                0x08002ba6                HAL_SYSTICK_Config
 .text.HAL_UART_Init
                0x08002bbe       0xa0 cmake/stm32cubemx/CMakeFiles/STM32_Drivers.dir/__/__/Drivers/STM32F1xx_HAL_Driver/Src/stm32f1xx_hal_uart.c.obj
                0x08002bbe                HAL_UART_Init
 *fill*         0x08002c5e        0x2 
 .text.HAL_UART_Transmit_DMA
                0x08002c60       0xe0 cmake/stm32cubemx/CMakeFiles/STM32_Drivers.dir/__/__/Drivers/STM32F1xx_HAL_Driver/Src/stm32f1xx_hal_uart.c.obj
                0x08002c60                HAL_UART_Transmit_DMA
 .text.HAL_UART_Receive_DMA
                0x08002d40       0x4a cmake/stm32cubemx/CMakeFiles/STM32_Drivers.dir/__/__/Drivers/STM32F1xx_HAL_Driver/Src/stm32f1xx_hal_uart.c.obj
                0x08002d40                HAL_UART_Receive_DMA
 *fill*         0x08002d8a        0x2 
 .text.HAL_UART_IRQHandler
                0x08002d8c      0x524 cmake/stm32cubemx/CMakeFiles/STM32_Drivers.dir/__/__/Drivers/STM32F1xx_HAL_Driver/Src/stm32f1xx_hal_uart.c.obj
                0x08002d8c                HAL_UART_IRQHandler
 .text.HAL_UART_TxHalfCpltCallback
                0x080032b0       0x12 cmake/stm32cubemx/CMakeFiles/STM32_Drivers.dir/__/__/Drivers/STM32F1xx_HAL_Driver/Src/stm32f1xx_hal_uart.c.obj
                0x080032b0                HAL_UART_TxHalfCpltCallback
 .text.HAL_UART_RxCpltCallback
                0x080032c2       0x12 cmake/stm32cubemx/CMakeFiles/STM32_Drivers.dir/__/__/Drivers/STM32F1xx_HAL_Driver/Src/stm32f1xx_hal_uart.c.obj
                0x080032c2                HAL_UART_RxCpltCallback
 .text.HAL_UART_RxHalfCpltCallback
                0x080032d4       0x12 cmake/stm32cubemx/CMakeFiles/STM32_Drivers.dir/__/__/Drivers/STM32F1xx_HAL_Driver/Src/stm32f1xx_hal_uart.c.obj
                0x080032d4                HAL_UART_RxHalfCpltCallback
 .text.HAL_UART_ErrorCallback
                0x080032e6       0x12 cmake/stm32cubemx/CMakeFiles/STM32_Drivers.dir/__/__/Drivers/STM32F1xx_HAL_Driver/Src/stm32f1xx_hal_uart.c.obj
                0x080032e6                HAL_UART_ErrorCallback
 .text.HAL_UARTEx_RxEventCallback
                0x080032f8       0x16 cmake/stm32cubemx/CMakeFiles/STM32_Drivers.dir/__/__/Drivers/STM32F1xx_HAL_Driver/Src/stm32f1xx_hal_uart.c.obj
                0x080032f8                HAL_UARTEx_RxEventCallback
 .text.UART_DMATransmitCplt
                0x0800330e       0x9a cmake/stm32cubemx/CMakeFiles/STM32_Drivers.dir/__/__/Drivers/STM32F1xx_HAL_Driver/Src/stm32f1xx_hal_uart.c.obj
 .text.UART_DMATxHalfCplt
                0x080033a8       0x1c cmake/stm32cubemx/CMakeFiles/STM32_Drivers.dir/__/__/Drivers/STM32F1xx_HAL_Driver/Src/stm32f1xx_hal_uart.c.obj
 .text.UART_DMAReceiveCplt
                0x080033c4      0x12c cmake/stm32cubemx/CMakeFiles/STM32_Drivers.dir/__/__/Drivers/STM32F1xx_HAL_Driver/Src/stm32f1xx_hal_uart.c.obj
 .text.UART_DMARxHalfCplt
                0x080034f0       0x3c cmake/stm32cubemx/CMakeFiles/STM32_Drivers.dir/__/__/Drivers/STM32F1xx_HAL_Driver/Src/stm32f1xx_hal_uart.c.obj
 .text.UART_DMAError
                0x0800352c       0x94 cmake/stm32cubemx/CMakeFiles/STM32_Drivers.dir/__/__/Drivers/STM32F1xx_HAL_Driver/Src/stm32f1xx_hal_uart.c.obj
 .text.UART_Start_Receive_DMA
                0x080035c0      0x134 cmake/stm32cubemx/CMakeFiles/STM32_Drivers.dir/__/__/Drivers/STM32F1xx_HAL_Driver/Src/stm32f1xx_hal_uart.c.obj
                0x080035c0                UART_Start_Receive_DMA
 .text.UART_EndTxTransfer
                0x080036f4       0x4e cmake/stm32cubemx/CMakeFiles/STM32_Drivers.dir/__/__/Drivers/STM32F1xx_HAL_Driver/Src/stm32f1xx_hal_uart.c.obj
 .text.UART_EndRxTransfer
                0x08003742       0xc4 cmake/stm32cubemx/CMakeFiles/STM32_Drivers.dir/__/__/Drivers/STM32F1xx_HAL_Driver/Src/stm32f1xx_hal_uart.c.obj
 .text.UART_DMAAbortOnError
                0x08003806       0x28 cmake/stm32cubemx/CMakeFiles/STM32_Drivers.dir/__/__/Drivers/STM32F1xx_HAL_Driver/Src/stm32f1xx_hal_uart.c.obj
 .text.UART_Transmit_IT
                0x0800382e       0x9e cmake/stm32cubemx/CMakeFiles/STM32_Drivers.dir/__/__/Drivers/STM32F1xx_HAL_Driver/Src/stm32f1xx_hal_uart.c.obj
 .text.UART_EndTransmit_IT
                0x080038cc       0x30 cmake/stm32cubemx/CMakeFiles/STM32_Drivers.dir/__/__/Drivers/STM32F1xx_HAL_Driver/Src/stm32f1xx_hal_uart.c.obj
 .text.UART_Receive_IT
                0x080038fc      0x17c cmake/stm32cubemx/CMakeFiles/STM32_Drivers.dir/__/__/Drivers/STM32F1xx_HAL_Driver/Src/stm32f1xx_hal_uart.c.obj
 .text.UART_SetConfig
                0x08003a78      0x11c cmake/stm32cubemx/CMakeFiles/STM32_Drivers.dir/__/__/Drivers/STM32F1xx_HAL_Driver/Src/stm32f1xx_hal_uart.c.obj
 .text.main     0x08003b94       0x2e CMakeFiles/SCARA_F103.dir/Core/Src/main.c.obj
                0x08003b94                main
 .text.SystemClock_Config
                0x08003bc2       0x8a CMakeFiles/SCARA_F103.dir/Core/Src/main.c.obj
                0x08003bc2                SystemClock_Config
 .text.Error_Handler
                0x08003c4c        0xc CMakeFiles/SCARA_F103.dir/Core/Src/main.c.obj
                0x08003c4c                Error_Handler
 .text.MX_GPIO_Init
                0x08003c58       0xb0 CMakeFiles/SCARA_F103.dir/Core/Src/gpio.c.obj
                0x08003c58                MX_GPIO_Init
 .text.MX_DMA_Init
                0x08003d08       0x4c CMakeFiles/SCARA_F103.dir/Core/Src/dma.c.obj
                0x08003d08                MX_DMA_Init
 .text.MX_TIM1_Init
                0x08003d54      0x144 CMakeFiles/SCARA_F103.dir/Core/Src/tim.c.obj
                0x08003d54                MX_TIM1_Init
 .text.MX_TIM2_Init
                0x08003e98       0x98 CMakeFiles/SCARA_F103.dir/Core/Src/tim.c.obj
                0x08003e98                MX_TIM2_Init
 .text.MX_TIM4_Init
                0x08003f30       0xf0 CMakeFiles/SCARA_F103.dir/Core/Src/tim.c.obj
                0x08003f30                MX_TIM4_Init
 .text.HAL_TIM_Base_MspInit
                0x08004020       0x98 CMakeFiles/SCARA_F103.dir/Core/Src/tim.c.obj
                0x08004020                HAL_TIM_Base_MspInit
 .text.HAL_TIM_MspPostInit
                0x080040b8       0xac CMakeFiles/SCARA_F103.dir/Core/Src/tim.c.obj
                0x080040b8                HAL_TIM_MspPostInit
 .text.MX_USART1_UART_Init
                0x08004164       0x54 CMakeFiles/SCARA_F103.dir/Core/Src/usart.c.obj
                0x08004164                MX_USART1_UART_Init
 .text.HAL_UART_MspInit
                0x080041b8      0x154 CMakeFiles/SCARA_F103.dir/Core/Src/usart.c.obj
                0x080041b8                HAL_UART_MspInit
 .text.NMI_Handler
                0x0800430c        0x8 CMakeFiles/SCARA_F103.dir/Core/Src/stm32f1xx_it.c.obj
                0x0800430c                NMI_Handler
 .text.HardFault_Handler
                0x08004314        0x8 CMakeFiles/SCARA_F103.dir/Core/Src/stm32f1xx_it.c.obj
                0x08004314                HardFault_Handler
 .text.MemManage_Handler
                0x0800431c        0x8 CMakeFiles/SCARA_F103.dir/Core/Src/stm32f1xx_it.c.obj
                0x0800431c                MemManage_Handler
 .text.BusFault_Handler
                0x08004324        0x8 CMakeFiles/SCARA_F103.dir/Core/Src/stm32f1xx_it.c.obj
                0x08004324                BusFault_Handler
 .text.UsageFault_Handler
                0x0800432c        0x8 CMakeFiles/SCARA_F103.dir/Core/Src/stm32f1xx_it.c.obj
                0x0800432c                UsageFault_Handler
 .text.SVC_Handler
                0x08004334        0xc CMakeFiles/SCARA_F103.dir/Core/Src/stm32f1xx_it.c.obj
                0x08004334                SVC_Handler
 .text.DebugMon_Handler
                0x08004340        0xc CMakeFiles/SCARA_F103.dir/Core/Src/stm32f1xx_it.c.obj
                0x08004340                DebugMon_Handler
 .text.PendSV_Handler
                0x0800434c        0xc CMakeFiles/SCARA_F103.dir/Core/Src/stm32f1xx_it.c.obj
                0x0800434c                PendSV_Handler
 .text.SysTick_Handler
                0x08004358        0xc CMakeFiles/SCARA_F103.dir/Core/Src/stm32f1xx_it.c.obj
                0x08004358                SysTick_Handler
 .text.DMA1_Channel4_IRQHandler
                0x08004364       0x14 CMakeFiles/SCARA_F103.dir/Core/Src/stm32f1xx_it.c.obj
                0x08004364                DMA1_Channel4_IRQHandler
 .text.DMA1_Channel5_IRQHandler
                0x08004378       0x14 CMakeFiles/SCARA_F103.dir/Core/Src/stm32f1xx_it.c.obj
                0x08004378                DMA1_Channel5_IRQHandler
 .text.TIM2_IRQHandler
                0x0800438c       0x14 CMakeFiles/SCARA_F103.dir/Core/Src/stm32f1xx_it.c.obj
                0x0800438c                TIM2_IRQHandler
 .text.USART1_IRQHandler
                0x080043a0       0x14 CMakeFiles/SCARA_F103.dir/Core/Src/stm32f1xx_it.c.obj
                0x080043a0                USART1_IRQHandler
 .text.HAL_MspInit
                0x080043b4       0x64 CMakeFiles/SCARA_F103.dir/Core/Src/stm32f1xx_hal_msp.c.obj
                0x080043b4                HAL_MspInit
 .text._sbrk    0x08004418       0x6c CMakeFiles/SCARA_F103.dir/Core/Src/sysmem.c.obj
                0x08004418                _sbrk
 .text.Reset_Handler
                0x08004484       0x48 CMakeFiles/SCARA_F103.dir/startup_stm32f103xb.s.obj
                0x08004484                Reset_Handler
 .text.Default_Handler
                0x080044cc        0x2 CMakeFiles/SCARA_F103.dir/startup_stm32f103xb.s.obj
                0x080044cc                RTC_Alarm_IRQHandler
                0x080044cc                EXTI2_IRQHandler
                0x080044cc                TIM1_CC_IRQHandler
                0x080044cc                PVD_IRQHandler
                0x080044cc                EXTI3_IRQHandler
                0x080044cc                EXTI0_IRQHandler
                0x080044cc                I2C2_EV_IRQHandler
                0x080044cc                ADC1_2_IRQHandler
                0x080044cc                SPI1_IRQHandler
                0x080044cc                TAMPER_IRQHandler
                0x080044cc                USART3_IRQHandler
                0x080044cc                RTC_IRQHandler
                0x080044cc                DMA1_Channel7_IRQHandler
                0x080044cc                CAN1_RX1_IRQHandler
                0x080044cc                TIM4_IRQHandler
                0x080044cc                I2C1_EV_IRQHandler
                0x080044cc                DMA1_Channel6_IRQHandler
                0x080044cc                TIM3_IRQHandler
                0x080044cc                RCC_IRQHandler
                0x080044cc                TIM1_TRG_COM_IRQHandler
                0x080044cc                DMA1_Channel1_IRQHandler
                0x080044cc                Default_Handler
                0x080044cc                EXTI15_10_IRQHandler
                0x080044cc                EXTI9_5_IRQHandler
                0x080044cc                SPI2_IRQHandler
                0x080044cc                EXTI4_IRQHandler
                0x080044cc                USB_LP_CAN1_RX0_IRQHandler
                0x080044cc                USB_HP_CAN1_TX_IRQHandler
                0x080044cc                DMA1_Channel3_IRQHandler
                0x080044cc                TIM1_UP_IRQHandler
                0x080044cc                WWDG_IRQHandler
                0x080044cc                TIM1_BRK_IRQHandler
                0x080044cc                EXTI1_IRQHandler
                0x080044cc                USART2_IRQHandler
                0x080044cc                I2C2_ER_IRQHandler
                0x080044cc                DMA1_Channel2_IRQHandler
                0x080044cc                CAN1_SCE_IRQHandler
                0x080044cc                FLASH_IRQHandler
                0x080044cc                I2C1_ER_IRQHandler
                0x080044cc                USBWakeUp_IRQHandler
 *fill*         0x080044ce        0x2 
 .text.App_Init
                0x080044d0       0x38 CMakeFiles/SCARA_F103.dir/UserApp/app_main.c.obj
                0x080044d0                App_Init
 .text.App_Loop
                0x08004508       0x38 CMakeFiles/SCARA_F103.dir/UserApp/app_main.c.obj
                0x08004508                App_Loop
 .text.App_Tick1kHz
                0x08004540       0x18 CMakeFiles/SCARA_F103.dir/UserApp/app_main.c.obj
                0x08004540                App_Tick1kHz
 .text.HAL_TIM_PeriodElapsedCallback
                0x08004558       0x20 CMakeFiles/SCARA_F103.dir/UserApp/app_main.c.obj
                0x08004558                HAL_TIM_PeriodElapsedCallback
 .text.HAL_UART_TxCpltCallback
                0x08004578       0x20 CMakeFiles/SCARA_F103.dir/UserApp/app_main.c.obj
                0x08004578                HAL_UART_TxCpltCallback
 .text.params_crc
                0x08004598       0x50 CMakeFiles/SCARA_F103.dir/UserApp/app_params.c.obj
 .text.AppParams_NormalizeSign
                0x080045e8       0x20 CMakeFiles/SCARA_F103.dir/UserApp/app_params.c.obj
                0x080045e8                AppParams_NormalizeSign
 .text.AppParams_Defaults
                0x08004608       0xcc CMakeFiles/SCARA_F103.dir/UserApp/app_params.c.obj
                0x08004608                AppParams_Defaults
 .text.AppParams_Init
                0x080046d4       0x10 CMakeFiles/SCARA_F103.dir/UserApp/app_params.c.obj
                0x080046d4                AppParams_Init
 .text.AppParams_Get
                0x080046e4       0x14 CMakeFiles/SCARA_F103.dir/UserApp/app_params.c.obj
                0x080046e4                AppParams_Get
 .text.AppParams_Load
                0x080046f8       0xa0 CMakeFiles/SCARA_F103.dir/UserApp/app_params.c.obj
                0x080046f8                AppParams_Load
 .text.next_index
                0x08004798       0x26 CMakeFiles/SCARA_F103.dir/UserApp/gcode_stream.c.obj
 .text.prev_index
                0x080047be       0x24 CMakeFiles/SCARA_F103.dir/UserApp/gcode_stream.c.obj
 .text.i64_abs  0x080047e2       0x2a CMakeFiles/SCARA_F103.dir/UserApp/gcode_stream.c.obj
 .text.i32_abs  0x0800480c       0x1a CMakeFiles/SCARA_F103.dir/UserApp/gcode_stream.c.obj
 .text.i32_max  0x08004826       0x1e CMakeFiles/SCARA_F103.dir/UserApp/gcode_stream.c.obj
 .text.pps_to_i16
                0x08004844       0x38 CMakeFiles/SCARA_F103.dir/UserApp/gcode_stream.c.obj
 .text.starts_gcode
                0x0800487c       0x94 CMakeFiles/SCARA_F103.dir/UserApp/gcode_stream.c.obj
 .text.parse_int_word
                0x08004910       0x70 CMakeFiles/SCARA_F103.dir/UserApp/gcode_stream.c.obj
 .text.parse_decimal_scaled
                0x08004980      0x22c CMakeFiles/SCARA_F103.dir/UserApp/gcode_stream.c.obj
 .text.send_error
                0x08004bac       0x20 CMakeFiles/SCARA_F103.dir/UserApp/gcode_stream.c.obj
 .text.line_checksum
                0x08004bcc       0x32 CMakeFiles/SCARA_F103.dir/UserApp/gcode_stream.c.obj
 *fill*         0x08004bfe        0x2 
 .text.send_ok_for_line
                0x08004c00       0x3c CMakeFiles/SCARA_F103.dir/UserApp/gcode_stream.c.obj
 .text.buffer_full
                0x08004c3c       0x20 CMakeFiles/SCARA_F103.dir/UserApp/gcode_stream.c.obj
 .text.enqueue_block
                0x08004c5c      0x1c4 CMakeFiles/SCARA_F103.dir/UserApp/gcode_stream.c.obj
 .text.current_xy_from_stepper
                0x08004e20       0x6c CMakeFiles/SCARA_F103.dir/UserApp/gcode_stream.c.obj
 .text.sync_position_from_stepper
                0x08004e8c       0x3c CMakeFiles/SCARA_F103.dir/UserApp/gcode_stream.c.obj
 .text.build_motion_block
                0x08004ec8      0x3f0 CMakeFiles/SCARA_F103.dir/UserApp/gcode_stream.c.obj
 .text.process_block
                0x080052b8      0x3b8 CMakeFiles/SCARA_F103.dir/UserApp/gcode_stream.c.obj
 .text.GcodeStream_Init
                0x08005670       0x90 CMakeFiles/SCARA_F103.dir/UserApp/gcode_stream.c.obj
                0x08005670                GcodeStream_Init
 .text.GcodeStream_PlannerFree
                0x08005700       0x1c CMakeFiles/SCARA_F103.dir/UserApp/gcode_stream.c.obj
                0x08005700                GcodeStream_PlannerFree
 .text.GcodeStream_PlannerCount
                0x0800571c       0x14 CMakeFiles/SCARA_F103.dir/UserApp/gcode_stream.c.obj
                0x0800571c                GcodeStream_PlannerCount
 .text.GcodeStream_RequestStatus
                0x08005730       0x18 CMakeFiles/SCARA_F103.dir/UserApp/gcode_stream.c.obj
                0x08005730                GcodeStream_RequestStatus
 .text.send_status
                0x08005748      0x1cc CMakeFiles/SCARA_F103.dir/UserApp/gcode_stream.c.obj
 .text.GcodeStream_Loop
                0x08005914      0x190 CMakeFiles/SCARA_F103.dir/UserApp/gcode_stream.c.obj
                0x08005914                GcodeStream_Loop
 .text.GcodeStream_Tick1kHz
                0x08005aa4       0x58 CMakeFiles/SCARA_F103.dir/UserApp/gcode_stream.c.obj
                0x08005aa4                GcodeStream_Tick1kHz
 .text.GcodeStream_TryProcessLine
                0x08005afc      0x1d4 CMakeFiles/SCARA_F103.dir/UserApp/gcode_stream.c.obj
                0x08005afc                GcodeStream_TryProcessLine
 .text.axis_search_pps
                0x08005cd0       0x2c CMakeFiles/SCARA_F103.dir/UserApp/home_controller.c.obj
 .text.axis_backoff_delta
                0x08005cfc       0x32 CMakeFiles/SCARA_F103.dir/UserApp/home_controller.c.obj
 *fill*         0x08005d2e        0x2 
 .text.enter_state
                0x08005d30       0x3c CMakeFiles/SCARA_F103.dir/UserApp/home_controller.c.obj
 .text.sensor_active
                0x08005d6c       0x26 CMakeFiles/SCARA_F103.dir/UserApp/home_controller.c.obj
 *fill*         0x08005d92        0x2 
 .text.debounce_axis
                0x08005d94       0x34 CMakeFiles/SCARA_F103.dir/UserApp/home_controller.c.obj
 .text.start_backoff
                0x08005dc8       0x7a CMakeFiles/SCARA_F103.dir/UserApp/home_controller.c.obj
 *fill*         0x08005e42        0x2 
 .text.HomeController_Init
                0x08005e44       0x40 CMakeFiles/SCARA_F103.dir/UserApp/home_controller.c.obj
                0x08005e44                HomeController_Init
 .text.HomeController_Start
                0x08005e84       0x90 CMakeFiles/SCARA_F103.dir/UserApp/home_controller.c.obj
                0x08005e84                HomeController_Start
 .text.HomeController_Stop
                0x08005f14       0x30 CMakeFiles/SCARA_F103.dir/UserApp/home_controller.c.obj
                0x08005f14                HomeController_Stop
 .text.HomeController_ClearError
                0x08005f44       0x2c CMakeFiles/SCARA_F103.dir/UserApp/home_controller.c.obj
                0x08005f44                HomeController_ClearError
 .text.HomeController_Loop
                0x08005f70      0x178 CMakeFiles/SCARA_F103.dir/UserApp/home_controller.c.obj
                0x08005f70                HomeController_Loop
 .text.HomeController_Tick1kHz
                0x080060e8       0x54 CMakeFiles/SCARA_F103.dir/UserApp/home_controller.c.obj
                0x080060e8                HomeController_Tick1kHz
 .text.HomeController_GetState
                0x0800613c       0x14 CMakeFiles/SCARA_F103.dir/UserApp/home_controller.c.obj
                0x0800613c                HomeController_GetState
 .text.HomeController_Error
                0x08006150       0x14 CMakeFiles/SCARA_F103.dir/UserApp/home_controller.c.obj
                0x08006150                HomeController_Error
 .text.HomeController_StateName
                0x08006164       0x88 CMakeFiles/SCARA_F103.dir/UserApp/home_controller.c.obj
                0x08006164                HomeController_StateName
 .text.read_active
                0x080061ec       0x2e CMakeFiles/SCARA_F103.dir/UserApp/home_sensor.c.obj
 *fill*         0x0800621a        0x2 
 .text.HomeSensor_GetState
                0x0800621c       0x70 CMakeFiles/SCARA_F103.dir/UserApp/home_sensor.c.obj
                0x0800621c                HomeSensor_GetState
 .text.MotionPlanner_MoveAbsBlend
                0x0800628c       0x34 CMakeFiles/SCARA_F103.dir/UserApp/motion_planner.c.obj
                0x0800628c                MotionPlanner_MoveAbsBlend
 .text.MotionPlanner_Stop
                0x080062c0        0xc CMakeFiles/SCARA_F103.dir/UserApp/motion_planner.c.obj
                0x080062c0                MotionPlanner_Stop
 .text.upper_token
                0x080062cc       0x50 CMakeFiles/SCARA_F103.dir/UserApp/protocol.c.obj
 .text.Protocol_Init
                0x0800631c       0x40 CMakeFiles/SCARA_F103.dir/UserApp/protocol.c.obj
                0x0800631c                Protocol_Init
 .text.Protocol_Loop
                0x0800635c        0xc CMakeFiles/SCARA_F103.dir/UserApp/protocol.c.obj
                0x0800635c                Protocol_Loop
 .text.Protocol_SendStatus
                0x08006368      0x19c CMakeFiles/SCARA_F103.dir/UserApp/protocol.c.obj
                0x08006368                Protocol_SendStatus
 .text.send_errors
                0x08006504       0x50 CMakeFiles/SCARA_F103.dir/UserApp/protocol.c.obj
 .text.Protocol_ProcessLine
                0x08006554      0x40c CMakeFiles/SCARA_F103.dir/UserApp/protocol.c.obj
                0x08006554                Protocol_ProcessLine
 .text.Protocol_Tick1kHz
                0x08006960       0x70 CMakeFiles/SCARA_F103.dir/UserApp/protocol.c.obj
                0x08006960                Protocol_Tick1kHz
 .text.ScaraKinematics_Init
                0x080069d0        0xc CMakeFiles/SCARA_F103.dir/UserApp/scara_kinematics.c.obj
                0x080069d0                ScaraKinematics_Init
 .text.clamp_f  0x080069dc       0x3a CMakeFiles/SCARA_F103.dir/UserApp/scara_kinematics.c.obj
 .text.joint_in_range
                0x08006a16       0x16 CMakeFiles/SCARA_F103.dir/UserApp/scara_kinematics.c.obj
 .text.ScaraKinematics_JointToPulse
                0x08006a2c      0x23a CMakeFiles/SCARA_F103.dir/UserApp/scara_kinematics.c.obj
                0x08006a2c                ScaraKinematics_JointToPulse
 .text.ScaraKinematics_PulseToJoint
                0x08006c66      0x1b4 CMakeFiles/SCARA_F103.dir/UserApp/scara_kinematics.c.obj
                0x08006c66                ScaraKinematics_PulseToJoint
 *fill*         0x08006e1a        0x2 
 .text.ScaraKinematics_InverseUm
                0x08006e1c      0x304 CMakeFiles/SCARA_F103.dir/UserApp/scara_kinematics.c.obj
                0x08006e1c                ScaraKinematics_InverseUm
 .text.ScaraKinematics_Forward
                0x08007120      0x340 CMakeFiles/SCARA_F103.dir/UserApp/scara_kinematics.c.obj
                0x08007120                ScaraKinematics_Forward
 .text.irq_save
                0x08007460       0x20 CMakeFiles/SCARA_F103.dir/UserApp/serial_dma.c.obj
 .text.irq_restore
                0x08007480       0x1c CMakeFiles/SCARA_F103.dir/UserApp/serial_dma.c.obj
 .text.queue_next
                0x0800749c       0x2e CMakeFiles/SCARA_F103.dir/UserApp/serial_dma.c.obj
 *fill*         0x080074ca        0x2 
 .text.enqueue_rx_line
                0x080074cc       0x94 CMakeFiles/SCARA_F103.dir/UserApp/serial_dma.c.obj
 .text.tx_start_next_locked
                0x08007560       0xac CMakeFiles/SCARA_F103.dir/UserApp/serial_dma.c.obj
 .text.SerialDma_Init
                0x0800760c       0x8c CMakeFiles/SCARA_F103.dir/UserApp/serial_dma.c.obj
                0x0800760c                SerialDma_Init
 .text.feed_char
                0x08007698       0xa4 CMakeFiles/SCARA_F103.dir/UserApp/serial_dma.c.obj
 .text.SerialDma_Poll
                0x0800773c       0x70 CMakeFiles/SCARA_F103.dir/UserApp/serial_dma.c.obj
                0x0800773c                SerialDma_Poll
 .text.SerialDma_ReadLine
                0x080077ac       0xa0 CMakeFiles/SCARA_F103.dir/UserApp/serial_dma.c.obj
                0x080077ac                SerialDma_ReadLine
 .text.SerialDma_Send
                0x0800784c       0xd8 CMakeFiles/SCARA_F103.dir/UserApp/serial_dma.c.obj
                0x0800784c                SerialDma_Send
 .text.SerialDma_SendFormat
                0x08007924       0x64 CMakeFiles/SCARA_F103.dir/UserApp/serial_dma.c.obj
                0x08007924                SerialDma_SendFormat
 .text.SerialDma_IsTxBusy
                0x08007988       0x34 CMakeFiles/SCARA_F103.dir/UserApp/serial_dma.c.obj
                0x08007988                SerialDma_IsTxBusy
 .text.SerialDma_RxOverflowCount
                0x080079bc       0x14 CMakeFiles/SCARA_F103.dir/UserApp/serial_dma.c.obj
                0x080079bc                SerialDma_RxOverflowCount
 .text.SerialDma_RxFreeCount
                0x080079d0       0x1c CMakeFiles/SCARA_F103.dir/UserApp/serial_dma.c.obj
                0x080079d0                SerialDma_RxFreeCount
 .text.SerialDma_TxDropCount
                0x080079ec       0x14 CMakeFiles/SCARA_F103.dir/UserApp/serial_dma.c.obj
                0x080079ec                SerialDma_TxDropCount
 .text.SerialDma_TxQueuedCount
                0x08007a00       0x18 CMakeFiles/SCARA_F103.dir/UserApp/serial_dma.c.obj
                0x08007a00                SerialDma_TxQueuedCount
 .text.SerialDma_TxCpltCallback
                0x08007a18       0x4c CMakeFiles/SCARA_F103.dir/UserApp/serial_dma.c.obj
                0x08007a18                SerialDma_TxCpltCallback
 .text.clamp_i32
                0x08007a64       0x30 CMakeFiles/SCARA_F103.dir/UserApp/stepper_driver.c.obj
 .text.i64_abs  0x08007a94       0x2a CMakeFiles/SCARA_F103.dir/UserApp/stepper_driver.c.obj
 .text.axis_valid
                0x08007abe       0x2c CMakeFiles/SCARA_F103.dir/UserApp/stepper_driver.c.obj
 .text.irq_save
                0x08007aea       0x20 CMakeFiles/SCARA_F103.dir/UserApp/stepper_driver.c.obj
 .text.irq_restore
                0x08007b0a       0x1c CMakeFiles/SCARA_F103.dir/UserApp/stepper_driver.c.obj
 *fill*         0x08007b26        0x2 
 .text.pwm_apply
                0x08007b28      0x164 CMakeFiles/SCARA_F103.dir/UserApp/stepper_driver.c.obj
 .text.set_dir_index
                0x08007c8c       0x94 CMakeFiles/SCARA_F103.dir/UserApp/stepper_driver.c.obj
 .text.axis_set_target_pps
                0x08007d20       0x64 CMakeFiles/SCARA_F103.dir/UserApp/stepper_driver.c.obj
 .text.axis_stop_now
                0x08007d84       0x54 CMakeFiles/SCARA_F103.dir/UserApp/stepper_driver.c.obj
 .text.Stepper_Init
                0x08007dd8      0x1c0 CMakeFiles/SCARA_F103.dir/UserApp/stepper_driver.c.obj
                0x08007dd8                Stepper_Init
 .text.Stepper_Enable
                0x08007f98       0x90 CMakeFiles/SCARA_F103.dir/UserApp/stepper_driver.c.obj
                0x08007f98                Stepper_Enable
 .text.Stepper_EnableAll
                0x08008028       0x26 CMakeFiles/SCARA_F103.dir/UserApp/stepper_driver.c.obj
                0x08008028                Stepper_EnableAll
 *fill*         0x0800804e        0x2 
 .text.Stepper_SetPps
                0x08008050       0x5c CMakeFiles/SCARA_F103.dir/UserApp/stepper_driver.c.obj
                0x08008050                Stepper_SetPps
 .text.target_in_range
                0x080080ac       0x16 CMakeFiles/SCARA_F103.dir/UserApp/stepper_driver.c.obj
 *fill*         0x080080c2        0x2 
 .text.move_prepare
                0x080080c4      0x134 CMakeFiles/SCARA_F103.dir/UserApp/stepper_driver.c.obj
 .text.Stepper_MoveAbs
                0x080081f8       0x34 CMakeFiles/SCARA_F103.dir/UserApp/stepper_driver.c.obj
                0x080081f8                Stepper_MoveAbs
 .text.Stepper_MoveAbsBlend
                0x0800822c      0x574 CMakeFiles/SCARA_F103.dir/UserApp/stepper_driver.c.obj
                0x0800822c                Stepper_MoveAbsBlend
 .text.Stepper_Stop
                0x080087a0       0x50 CMakeFiles/SCARA_F103.dir/UserApp/stepper_driver.c.obj
                0x080087a0                Stepper_Stop
 .text.Stepper_StopAll
                0x080087f0       0x14 CMakeFiles/SCARA_F103.dir/UserApp/stepper_driver.c.obj
                0x080087f0                Stepper_StopAll
 .text.Stepper_EStopAll
                0x08008804       0x40 CMakeFiles/SCARA_F103.dir/UserApp/stepper_driver.c.obj
                0x08008804                Stepper_EStopAll
 .text.Stepper_ClearError
                0x08008844       0x68 CMakeFiles/SCARA_F103.dir/UserApp/stepper_driver.c.obj
                0x08008844                Stepper_ClearError
 .text.Stepper_SetErrorAll
                0x080088ac       0x54 CMakeFiles/SCARA_F103.dir/UserApp/stepper_driver.c.obj
                0x080088ac                Stepper_SetErrorAll
 .text.Stepper_Zero
                0x08008900       0xa4 CMakeFiles/SCARA_F103.dir/UserApp/stepper_driver.c.obj
                0x08008900                Stepper_Zero
 .text.axis_tick
                0x080089a4      0x3bc CMakeFiles/SCARA_F103.dir/UserApp/stepper_driver.c.obj
 .text.Stepper_Tick1kHz
                0x08008d60       0x24 CMakeFiles/SCARA_F103.dir/UserApp/stepper_driver.c.obj
                0x08008d60                Stepper_Tick1kHz
 .text.Stepper_IsBusy
                0x08008d84       0x84 CMakeFiles/SCARA_F103.dir/UserApp/stepper_driver.c.obj
                0x08008d84                Stepper_IsBusy
 .text.Stepper_CanAcceptMove
                0x08008e08       0x84 CMakeFiles/SCARA_F103.dir/UserApp/stepper_driver.c.obj
                0x08008e08                Stepper_CanAcceptMove
 .text.Stepper_TargetsAllowed
                0x08008e8c       0x3e CMakeFiles/SCARA_F103.dir/UserApp/stepper_driver.c.obj
                0x08008e8c                Stepper_TargetsAllowed
 *fill*         0x08008eca        0x2 
 .text.Stepper_GetStateSnapshot
                0x08008ecc       0x34 CMakeFiles/SCARA_F103.dir/UserApp/stepper_driver.c.obj
                0x08008ecc                Stepper_GetStateSnapshot
 .text.Stepper_ModeName
                0x08008f00       0x64 CMakeFiles/SCARA_F103.dir/UserApp/stepper_driver.c.obj
                0x08008f00                Stepper_ModeName
 .text.acosf    0x08008f64       0x40 A:/cmake-4.2.1/arm-gnu-toolchain-14.3.rel1-mingw-w64-x86_64-arm-none-eabi/bin/../lib/gcc/arm-none-eabi/14.3.1/../../../../arm-none-eabi/lib/thumb/v7-m/nofp\libm.a(libm_a-wf_acos.o)
                0x08008f64                acosf
 .text.atan2f   0x08008fa4        0x4 A:/cmake-4.2.1/arm-gnu-toolchain-14.3.rel1-mingw-w64-x86_64-arm-none-eabi/bin/../lib/gcc/arm-none-eabi/14.3.1/../../../../arm-none-eabi/lib/thumb/v7-m/nofp\libm.a(libm_a-wf_atan2.o)
                0x08008fa4                atan2f
 .text.sqrtf    0x08008fa8       0x3c A:/cmake-4.2.1/arm-gnu-toolchain-14.3.rel1-mingw-w64-x86_64-arm-none-eabi/bin/../lib/gcc/arm-none-eabi/14.3.1/../../../../arm-none-eabi/lib/thumb/v7-m/nofp\libm.a(libm_a-wf_sqrt.o)
                0x08008fa8                sqrtf
 .text.cosf     0x08008fe4       0x68 A:/cmake-4.2.1/arm-gnu-toolchain-14.3.rel1-mingw-w64-x86_64-arm-none-eabi/bin/../lib/gcc/arm-none-eabi/14.3.1/../../../../arm-none-eabi/lib/thumb/v7-m/nofp\libm.a(libm_a-sf_cos.o)
                0x08008fe4                cosf
 .text.fabsf    0x0800904c        0x8 A:/cmake-4.2.1/arm-gnu-toolchain-14.3.rel1-mingw-w64-x86_64-arm-none-eabi/bin/../lib/gcc/arm-none-eabi/14.3.1/../../../../arm-none-eabi/lib/thumb/v7-m/nofp\libm.a(libm_a-sf_fabs.o)
                0x0800904c                fabsf
 .text.sinf     0x08009054       0x6c A:/cmake-4.2.1/arm-gnu-toolchain-14.3.rel1-mingw-w64-x86_64-arm-none-eabi/bin/../lib/gcc/arm-none-eabi/14.3.1/../../../../arm-none-eabi/lib/thumb/v7-m/nofp\libm.a(libm_a-sf_sin.o)
                0x08009054                sinf
 .text.nanf     0x080090c0        0x8 A:/cmake-4.2.1/arm-gnu-toolchain-14.3.rel1-mingw-w64-x86_64-arm-none-eabi/bin/../lib/gcc/arm-none-eabi/14.3.1/../../../../arm-none-eabi/lib/thumb/v7-m/nofp\libm.a(libm_a-sf_nan.o)
                0x080090c0                nanf
 .text.__ieee754_sqrtf
                0x080090c8       0xe4 A:/cmake-4.2.1/arm-gnu-toolchain-14.3.rel1-mingw-w64-x86_64-arm-none-eabi/bin/../lib/gcc/arm-none-eabi/14.3.1/../../../../arm-none-eabi/lib/thumb/v7-m/nofp\libm.a(libm_a-ef_sqrt.o)
                0x080090c8                __ieee754_sqrtf
 .text.__kernel_cosf
                0x080091ac      0x190 A:/cmake-4.2.1/arm-gnu-toolchain-14.3.rel1-mingw-w64-x86_64-arm-none-eabi/bin/../lib/gcc/arm-none-eabi/14.3.1/../../../../arm-none-eabi/lib/thumb/v7-m/nofp\libm.a(libm_a-kf_cos.o)
                0x080091ac                __kernel_cosf
 .text.__kernel_sinf
                0x0800933c       0xec A:/cmake-4.2.1/arm-gnu-toolchain-14.3.rel1-mingw-w64-x86_64-arm-none-eabi/bin/../lib/gcc/arm-none-eabi/14.3.1/../../../../arm-none-eabi/lib/thumb/v7-m/nofp\libm.a(libm_a-kf_sin.o)
                0x0800933c                __kernel_sinf
 .text.__ieee754_acosf
                0x08009428      0x2cc A:/cmake-4.2.1/arm-gnu-toolchain-14.3.rel1-mingw-w64-x86_64-arm-none-eabi/bin/../lib/gcc/arm-none-eabi/14.3.1/../../../../arm-none-eabi/lib/thumb/v7-m/nofp\libm.a(libm_a-ef_acos.o)
                0x08009428                __ieee754_acosf
 .text.__ieee754_atan2f
                0x080096f4      0x110 A:/cmake-4.2.1/arm-gnu-toolchain-14.3.rel1-mingw-w64-x86_64-arm-none-eabi/bin/../lib/gcc/arm-none-eabi/14.3.1/../../../../arm-none-eabi/lib/thumb/v7-m/nofp\libm.a(libm_a-ef_atan2.o)
                0x080096f4                __ieee754_atan2f
 .text.__ieee754_rem_pio2f
                0x08009804      0x2dc A:/cmake-4.2.1/arm-gnu-toolchain-14.3.rel1-mingw-w64-x86_64-arm-none-eabi/bin/../lib/gcc/arm-none-eabi/14.3.1/../../../../arm-none-eabi/lib/thumb/v7-m/nofp\libm.a(libm_a-ef_rem_pio2.o)
                0x08009804                __ieee754_rem_pio2f
 .text.atanf    0x08009ae0      0x22c A:/cmake-4.2.1/arm-gnu-toolchain-14.3.rel1-mingw-w64-x86_64-arm-none-eabi/bin/../lib/gcc/arm-none-eabi/14.3.1/../../../../arm-none-eabi/lib/thumb/v7-m/nofp\libm.a(libm_a-sf_atan.o)
                0x08009ae0                atanf
 .text.__kernel_rem_pio2f
                0x08009d0c      0x770 A:/cmake-4.2.1/arm-gnu-toolchain-14.3.rel1-mingw-w64-x86_64-arm-none-eabi/bin/../lib/gcc/arm-none-eabi/14.3.1/../../../../arm-none-eabi/lib/thumb/v7-m/nofp\libm.a(libm_a-kf_rem_pio2.o)
                0x08009d0c                __kernel_rem_pio2f
 .text.scalbnf  0x0800a47c       0xb0 A:/cmake-4.2.1/arm-gnu-toolchain-14.3.rel1-mingw-w64-x86_64-arm-none-eabi/bin/../lib/gcc/arm-none-eabi/14.3.1/../../../../arm-none-eabi/lib/thumb/v7-m/nofp\libm.a(libm_a-sf_scalbn.o)
                0x0800a47c                scalbnf
 .text.floorf   0x0800a52c       0x8c A:/cmake-4.2.1/arm-gnu-toolchain-14.3.rel1-mingw-w64-x86_64-arm-none-eabi/bin/../lib/gcc/arm-none-eabi/14.3.1/../../../../arm-none-eabi/lib/thumb/v7-m/nofp\libm.a(libm_a-sf_floor.o)
                0x0800a52c                floorf
 .text.__udivmoddi4
                0x0800a5b8      0x2f4 A:/cmake-4.2.1/arm-gnu-toolchain-14.3.rel1-mingw-w64-x86_64-arm-none-eabi/bin/../lib/gcc/arm-none-eabi/14.3.1/thumb/v7-m/nofp\libgcc.a(_udivmoddi4.o)
                0x0800a5b8                __udivmoddi4
 .text.sscanf   0x0800a8ac       0x58 A:/cmake-4.2.1/arm-gnu-toolchain-14.3.rel1-mingw-w64-x86_64-arm-none-eabi/bin/../lib/gcc/arm-none-eabi/14.3.1/../../../../arm-none-eabi/lib/thumb/v7-m/nofp\libg_nano.a(libc_a-sscanf.o)
                0x0800a8ac                siscanf
                0x0800a8ac                sscanf
 .text.__seofread
                0x0800a904        0x4 A:/cmake-4.2.1/arm-gnu-toolchain-14.3.rel1-mingw-w64-x86_64-arm-none-eabi/bin/../lib/gcc/arm-none-eabi/14.3.1/../../../../arm-none-eabi/lib/thumb/v7-m/nofp\libg_nano.a(libc_a-stdio.o)
                0x0800a904                __seofread
 .text._vsnprintf_r
                0x0800a908       0x5c A:/cmake-4.2.1/arm-gnu-toolchain-14.3.rel1-mingw-w64-x86_64-arm-none-eabi/bin/../lib/gcc/arm-none-eabi/14.3.1/../../../../arm-none-eabi/lib/thumb/v7-m/nofp\libg_nano.a(libc_a-vsnprintf.o)
                0x0800a908                _vsniprintf_r
                0x0800a908                _vsnprintf_r
 .text.vsnprintf
                0x0800a964       0x1c A:/cmake-4.2.1/arm-gnu-toolchain-14.3.rel1-mingw-w64-x86_64-arm-none-eabi/bin/../lib/gcc/arm-none-eabi/14.3.1/../../../../arm-none-eabi/lib/thumb/v7-m/nofp\libg_nano.a(libc_a-vsnprintf.o)
                0x0800a964                vsniprintf
                0x0800a964                vsnprintf
 .text.memset   0x0800a980       0x10 A:/cmake-4.2.1/arm-gnu-toolchain-14.3.rel1-mingw-w64-x86_64-arm-none-eabi/bin/../lib/gcc/arm-none-eabi/14.3.1/../../../../arm-none-eabi/lib/thumb/v7-m/nofp\libg_nano.a(libc_a-memset.o)
                0x0800a980                memset
 .text.strncpy  0x0800a990       0x26 A:/cmake-4.2.1/arm-gnu-toolchain-14.3.rel1-mingw-w64-x86_64-arm-none-eabi/bin/../lib/gcc/arm-none-eabi/14.3.1/../../../../arm-none-eabi/lib/thumb/v7-m/nofp\libg_nano.a(libc_a-strncpy.o)
                0x0800a990                strncpy
 *fill*         0x0800a9b6        0x2 
 .text.__errno  0x0800a9b8        0xc A:/cmake-4.2.1/arm-gnu-toolchain-14.3.rel1-mingw-w64-x86_64-arm-none-eabi/bin/../lib/gcc/arm-none-eabi/14.3.1/../../../../arm-none-eabi/lib/thumb/v7-m/nofp\libg_nano.a(libc_a-errno.o)
                0x0800a9b8                __errno
 .text.__libc_init_array
                0x0800a9c4       0x48 A:/cmake-4.2.1/arm-gnu-toolchain-14.3.rel1-mingw-w64-x86_64-arm-none-eabi/bin/../lib/gcc/arm-none-eabi/14.3.1/../../../../arm-none-eabi/lib/thumb/v7-m/nofp\libg_nano.a(libc_a-init.o)
                0x0800a9c4                __libc_init_array
 .text.__retarget_lock_acquire_recursive
                0x0800aa0c        0x2 A:/cmake-4.2.1/arm-gnu-toolchain-14.3.rel1-mingw-w64-x86_64-arm-none-eabi/bin/../lib/gcc/arm-none-eabi/14.3.1/../../../../arm-none-eabi/lib/thumb/v7-m/nofp\libg_nano.a(libc_a-lock.o)
                0x0800aa0c                __retarget_lock_acquire_recursive
 .text.__retarget_lock_release_recursive
                0x0800aa0e        0x2 A:/cmake-4.2.1/arm-gnu-toolchain-14.3.rel1-mingw-w64-x86_64-arm-none-eabi/bin/../lib/gcc/arm-none-eabi/14.3.1/../../../../arm-none-eabi/lib/thumb/v7-m/nofp\libg_nano.a(libc_a-lock.o)
                0x0800aa0e                __retarget_lock_release_recursive
 .text.memcpy   0x0800aa10       0x1c A:/cmake-4.2.1/arm-gnu-toolchain-14.3.rel1-mingw-w64-x86_64-arm-none-eabi/bin/../lib/gcc/arm-none-eabi/14.3.1/../../../../arm-none-eabi/lib/thumb/v7-m/nofp\libg_nano.a(libc_a-memcpy-stub.o)
                0x0800aa10                memcpy
 .text._free_r  0x0800aa2c       0x90 A:/cmake-4.2.1/arm-gnu-toolchain-14.3.rel1-mingw-w64-x86_64-arm-none-eabi/bin/../lib/gcc/arm-none-eabi/14.3.1/../../../../arm-none-eabi/lib/thumb/v7-m/nofp\libg_nano.a(libc_a-freer.o)
                0x0800aa2c                _free_r
 .text.sbrk_aligned
                0x0800aabc       0x44 A:/cmake-4.2.1/arm-gnu-toolchain-14.3.rel1-mingw-w64-x86_64-arm-none-eabi/bin/../lib/gcc/arm-none-eabi/14.3.1/../../../../arm-none-eabi/lib/thumb/v7-m/nofp\libg_nano.a(libc_a-mallocr.o)
 .text._malloc_r
                0x0800ab00      0x100 A:/cmake-4.2.1/arm-gnu-toolchain-14.3.rel1-mingw-w64-x86_64-arm-none-eabi/bin/../lib/gcc/arm-none-eabi/14.3.1/../../../../arm-none-eabi/lib/thumb/v7-m/nofp\libg_nano.a(libc_a-mallocr.o)
                0x0800ab00                _malloc_r
 .text.__malloc_lock
                0x0800ac00        0xc A:/cmake-4.2.1/arm-gnu-toolchain-14.3.rel1-mingw-w64-x86_64-arm-none-eabi/bin/../lib/gcc/arm-none-eabi/14.3.1/../../../../arm-none-eabi/lib/thumb/v7-m/nofp\libg_nano.a(libc_a-mlock.o)
                0x0800ac00                __malloc_lock
 .text.__malloc_unlock
                0x0800ac0c        0xc A:/cmake-4.2.1/arm-gnu-toolchain-14.3.rel1-mingw-w64-x86_64-arm-none-eabi/bin/../lib/gcc/arm-none-eabi/14.3.1/../../../../arm-none-eabi/lib/thumb/v7-m/nofp\libg_nano.a(libc_a-mlock.o)
                0x0800ac0c                __malloc_unlock
 .text.__ssputs_r
                0x0800ac18       0xc0 A:/cmake-4.2.1/arm-gnu-toolchain-14.3.rel1-mingw-w64-x86_64-arm-none-eabi/bin/../lib/gcc/arm-none-eabi/14.3.1/../../../../arm-none-eabi/lib/thumb/v7-m/nofp\libg_nano.a(libc_a-nano-svfprintf.o)
                0x0800ac18                __ssputs_r
 .text._svfprintf_r
                0x0800acd8      0x1f0 A:/cmake-4.2.1/arm-gnu-toolchain-14.3.rel1-mingw-w64-x86_64-arm-none-eabi/bin/../lib/gcc/arm-none-eabi/14.3.1/../../../../arm-none-eabi/lib/thumb/v7-m/nofp\libg_nano.a(libc_a-nano-svfprintf.o)
                0x0800acd8                _svfiprintf_r
                0x0800acd8                _svfprintf_r
 .text._sungetc_r
                0x0800aec8       0x7a A:/cmake-4.2.1/arm-gnu-toolchain-14.3.rel1-mingw-w64-x86_64-arm-none-eabi/bin/../lib/gcc/arm-none-eabi/14.3.1/../../../../arm-none-eabi/lib/thumb/v7-m/nofp\libg_nano.a(libc_a-nano-svfscanf.o)
                0x0800aec8                _sungetc_r
 .text.__ssrefill_r
                0x0800af42       0x3a A:/cmake-4.2.1/arm-gnu-toolchain-14.3.rel1-mingw-w64-x86_64-arm-none-eabi/bin/../lib/gcc/arm-none-eabi/14.3.1/../../../../arm-none-eabi/lib/thumb/v7-m/nofp\libg_nano.a(libc_a-nano-svfscanf.o)
                0x0800af42                __ssrefill_r
 .text.__ssvfscanf_r
                0x0800af7c      0x2fc A:/cmake-4.2.1/arm-gnu-toolchain-14.3.rel1-mingw-w64-x86_64-arm-none-eabi/bin/../lib/gcc/arm-none-eabi/14.3.1/../../../../arm-none-eabi/lib/thumb/v7-m/nofp\libg_nano.a(libc_a-nano-svfscanf.o)
                0x0800af7c                __ssvfiscanf_r
                0x0800af7c                __ssvfscanf_r
 .text._printf_common
                0x0800b278       0xe4 A:/cmake-4.2.1/arm-gnu-toolchain-14.3.rel1-mingw-w64-x86_64-arm-none-eabi/bin/../lib/gcc/arm-none-eabi/14.3.1/../../../../arm-none-eabi/lib/thumb/v7-m/nofp\libg_nano.a(libc_a-nano-vfprintf_i.o)
                0x0800b278                _printf_common
 .text._printf_i
                0x0800b35c      0x24c A:/cmake-4.2.1/arm-gnu-toolchain-14.3.rel1-mingw-w64-x86_64-arm-none-eabi/bin/../lib/gcc/arm-none-eabi/14.3.1/../../../../arm-none-eabi/lib/thumb/v7-m/nofp\libg_nano.a(libc_a-nano-vfprintf_i.o)
                0x0800b35c                _printf_i
 .text._scanf_chars
                0x0800b5a8       0xb4 A:/cmake-4.2.1/arm-gnu-toolchain-14.3.rel1-mingw-w64-x86_64-arm-none-eabi/bin/../lib/gcc/arm-none-eabi/14.3.1/../../../../arm-none-eabi/lib/thumb/v7-m/nofp\libg_nano.a(libc_a-nano-vfscanf_i.o)
                0x0800b5a8                _scanf_chars
 .text._scanf_i
                0x0800b65c      0x1e0 A:/cmake-4.2.1/arm-gnu-toolchain-14.3.rel1-mingw-w64-x86_64-arm-none-eabi/bin/../lib/gcc/arm-none-eabi/14.3.1/../../../../arm-none-eabi/lib/thumb/v7-m/nofp\libg_nano.a(libc_a-nano-vfscanf_i.o)
                0x0800b65c                _scanf_i
 .text.__sccl   0x0800b83c       0x72 A:/cmake-4.2.1/arm-gnu-toolchain-14.3.rel1-mingw-w64-x86_64-arm-none-eabi/bin/../lib/gcc/arm-none-eabi/14.3.1/../../../../arm-none-eabi/lib/thumb/v7-m/nofp\libg_nano.a(libc_a-sccl.o)
                0x0800b83c                __sccl
 .text.__submore
                0x0800b8ae       0x70 A:/cmake-4.2.1/arm-gnu-toolchain-14.3.rel1-mingw-w64-x86_64-arm-none-eabi/bin/../lib/gcc/arm-none-eabi/14.3.1/../../../../arm-none-eabi/lib/thumb/v7-m/nofp\libg_nano.a(libc_a-ungetc.o)
                0x0800b8ae                __submore
 .text.memmove  0x0800b91e       0x32 A:/cmake-4.2.1/arm-gnu-toolchain-14.3.rel1-mingw-w64-x86_64-arm-none-eabi/bin/../lib/gcc/arm-none-eabi/14.3.1/../../../../arm-none-eabi/lib/thumb/v7-m/nofp\libg_nano.a(libc_a-memmove.o)
                0x0800b91e                memmove
 .text._sbrk_r  0x0800b950       0x20 A:/cmake-4.2.1/arm-gnu-toolchain-14.3.rel1-mingw-w64-x86_64-arm-none-eabi/bin/../lib/gcc/arm-none-eabi/14.3.1/../../../../arm-none-eabi/lib/thumb/v7-m/nofp\libg_nano.a(libc_a-sbrkr.o)
                0x0800b950                _sbrk_r
 .text.memchr   0x0800b970       0x1c A:/cmake-4.2.1/arm-gnu-toolchain-14.3.rel1-mingw-w64-x86_64-arm-none-eabi/bin/../lib/gcc/arm-none-eabi/14.3.1/../../../../arm-none-eabi/lib/thumb/v7-m/nofp\libg_nano.a(libc_a-memchr-stub.o)
                0x0800b970                memchr
 .text._realloc_r
                0x0800b98c       0x5c A:/cmake-4.2.1/arm-gnu-toolchain-14.3.rel1-mingw-w64-x86_64-arm-none-eabi/bin/../lib/gcc/arm-none-eabi/14.3.1/../../../../arm-none-eabi/lib/thumb/v7-m/nofp\libg_nano.a(libc_a-reallocr.o)
                0x0800b98c                _realloc_r
 .text._strtol_l.isra.0
                0x0800b9e8       0xf4 A:/cmake-4.2.1/arm-gnu-toolchain-14.3.rel1-mingw-w64-x86_64-arm-none-eabi/bin/../lib/gcc/arm-none-eabi/14.3.1/../../../../arm-none-eabi/lib/thumb/v7-m/nofp\libg_nano.a(libc_a-strtol.o)
 .text._strtol_r
                0x0800badc        0x4 A:/cmake-4.2.1/arm-gnu-toolchain-14.3.rel1-mingw-w64-x86_64-arm-none-eabi/bin/../lib/gcc/arm-none-eabi/14.3.1/../../../../arm-none-eabi/lib/thumb/v7-m/nofp\libg_nano.a(libc_a-strtol.o)
                0x0800badc                _strtol_r
 .text._strtoul_l.isra.0
                0x0800bae0       0xdc A:/cmake-4.2.1/arm-gnu-toolchain-14.3.rel1-mingw-w64-x86_64-arm-none-eabi/bin/../lib/gcc/arm-none-eabi/14.3.1/../../../../arm-none-eabi/lib/thumb/v7-m/nofp\libg_nano.a(libc_a-strtoul.o)
 .text._strtoul_r
                0x0800bbbc        0x4 A:/cmake-4.2.1/arm-gnu-toolchain-14.3.rel1-mingw-w64-x86_64-arm-none-eabi/bin/../lib/gcc/arm-none-eabi/14.3.1/../../../../arm-none-eabi/lib/thumb/v7-m/nofp\libg_nano.a(libc_a-strtoul.o)
                0x0800bbbc                _strtoul_r
 .text._malloc_usable_size_r
                0x0800bbc0       0x10 A:/cmake-4.2.1/arm-gnu-toolchain-14.3.rel1-mingw-w64-x86_64-arm-none-eabi/bin/../lib/gcc/arm-none-eabi/14.3.1/../../../../arm-none-eabi/lib/thumb/v7-m/nofp\libg_nano.a(libc_a-msizer.o)
                0x0800bbc0                _malloc_usable_size_r
 *(.glue_7)
 .glue_7        0x0800bbd0        0x0 linker stubs
 *(.glue_7t)
 .glue_7t       0x0800bbd0        0x0 linker stubs
 *(.eh_frame)
 .eh_frame      0x0800bbd0        0x0 A:/cmake-4.2.1/arm-gnu-toolchain-14.3.rel1-mingw-w64-x86_64-arm-none-eabi/bin/../lib/gcc/arm-none-eabi/14.3.1/thumb/v7-m/nofp/crtbegin.o
 *(.init)
 .init          0x0800bbd0        0x4 A:/cmake-4.2.1/arm-gnu-toolchain-14.3.rel1-mingw-w64-x86_64-arm-none-eabi/bin/../lib/gcc/arm-none-eabi/14.3.1/thumb/v7-m/nofp/crti.o
                0x0800bbd0                _init
 .init          0x0800bbd4        0x8 A:/cmake-4.2.1/arm-gnu-toolchain-14.3.rel1-mingw-w64-x86_64-arm-none-eabi/bin/../lib/gcc/arm-none-eabi/14.3.1/thumb/v7-m/nofp/crtn.o
 *(.fini)
 .fini          0x0800bbdc        0x4 A:/cmake-4.2.1/arm-gnu-toolchain-14.3.rel1-mingw-w64-x86_64-arm-none-eabi/bin/../lib/gcc/arm-none-eabi/14.3.1/thumb/v7-m/nofp/crti.o
                0x0800bbdc                _fini
 .fini          0x0800bbe0        0x8 A:/cmake-4.2.1/arm-gnu-toolchain-14.3.rel1-mingw-w64-x86_64-arm-none-eabi/bin/../lib/gcc/arm-none-eabi/14.3.1/thumb/v7-m/nofp/crtn.o
                0x0800bbe8                        . = ALIGN (0x4)
                0x0800bbe8                        _etext = .

.vfp11_veneer   0x0800bbe8        0x0
 .vfp11_veneer  0x0800bbe8        0x0 linker stubs

.v4_bx          0x0800bbe8        0x0
 .v4_bx         0x0800bbe8        0x0 linker stubs

.iplt           0x0800bbe8        0x0
 .iplt          0x0800bbe8        0x0 A:/cmake-4.2.1/arm-gnu-toolchain-14.3.rel1-mingw-w64-x86_64-arm-none-eabi/bin/../lib/gcc/arm-none-eabi/14.3.1/thumb/v7-m/nofp/crtbegin.o

.rodata         0x0800bbe8      0xadc
                0x0800bbe8                        . = ALIGN (0x4)
 *(.rodata)
 .rodata        0x0800bbe8       0x1f CMakeFiles/SCARA_F103.dir/UserApp/app_main.c.obj
 *fill*         0x0800bc07        0x1 
 .rodata        0x0800bc08       0xb7 CMakeFiles/SCARA_F103.dir/UserApp/gcode_stream.c.obj
 *fill*         0x0800bcbf        0x1 
 .rodata        0x0800bcc0       0x60 CMakeFiles/SCARA_F103.dir/UserApp/home_controller.c.obj
 .rodata        0x0800bd20      0x3d2 CMakeFiles/SCARA_F103.dir/UserApp/protocol.c.obj
 *fill*         0x0800c0f2        0x2 
 .rodata        0x0800c0f4       0x34 CMakeFiles/SCARA_F103.dir/UserApp/stepper_driver.c.obj
 .rodata        0x0800c128        0xc A:/cmake-4.2.1/arm-gnu-toolchain-14.3.rel1-mingw-w64-x86_64-arm-none-eabi/bin/../lib/gcc/arm-none-eabi/14.3.1/../../../../arm-none-eabi/lib/thumb/v7-m/nofp\libg_nano.a(libc_a-nano-vfscanf_i.o)
 *(.rodata*)
 .rodata.AHBPrescTable
                0x0800c134       0x10 cmake/stm32cubemx/CMakeFiles/STM32_Drivers.dir/__/__/Core/Src/system_stm32f1xx.c.obj
                0x0800c134                AHBPrescTable
 .rodata.APBPrescTable
                0x0800c144        0x8 cmake/stm32cubemx/CMakeFiles/STM32_Drivers.dir/__/__/Core/Src/system_stm32f1xx.c.obj
                0x0800c144                APBPrescTable
 .rodata.aPLLMULFactorTable.1
                0x0800c14c       0x10 cmake/stm32cubemx/CMakeFiles/STM32_Drivers.dir/__/__/Drivers/STM32F1xx_HAL_Driver/Src/stm32f1xx_hal_rcc.c.obj
 .rodata.aPredivFactorTable.0
                0x0800c15c        0x2 cmake/stm32cubemx/CMakeFiles/STM32_Drivers.dir/__/__/Drivers/STM32F1xx_HAL_Driver/Src/stm32f1xx_hal_rcc.c.obj
 *fill*         0x0800c15e        0x2 
 .rodata.acosf.str1.4
                0x0800c160        0x1 A:/cmake-4.2.1/arm-gnu-toolchain-14.3.rel1-mingw-w64-x86_64-arm-none-eabi/bin/../lib/gcc/arm-none-eabi/14.3.1/../../../../arm-none-eabi/lib/thumb/v7-m/nofp\libm.a(libm_a-wf_acos.o)
 *fill*         0x0800c161        0x3 
 .rodata.tiny   0x0800c164        0x4 A:/cmake-4.2.1/arm-gnu-toolchain-14.3.rel1-mingw-w64-x86_64-arm-none-eabi/bin/../lib/gcc/arm-none-eabi/14.3.1/../../../../arm-none-eabi/lib/thumb/v7-m/nofp\libm.a(libm_a-ef_sqrt.o)
 .rodata.one    0x0800c168        0x4 A:/cmake-4.2.1/arm-gnu-toolchain-14.3.rel1-mingw-w64-x86_64-arm-none-eabi/bin/../lib/gcc/arm-none-eabi/14.3.1/../../../../arm-none-eabi/lib/thumb/v7-m/nofp\libm.a(libm_a-ef_sqrt.o)
 .rodata.CSWTCH.9
                0x0800c16c        0xc A:/cmake-4.2.1/arm-gnu-toolchain-14.3.rel1-mingw-w64-x86_64-arm-none-eabi/bin/../lib/gcc/arm-none-eabi/14.3.1/../../../../arm-none-eabi/lib/thumb/v7-m/nofp\libm.a(libm_a-ef_atan2.o)
 .rodata.CSWTCH.8
                0x0800c178        0xc A:/cmake-4.2.1/arm-gnu-toolchain-14.3.rel1-mingw-w64-x86_64-arm-none-eabi/bin/../lib/gcc/arm-none-eabi/14.3.1/../../../../arm-none-eabi/lib/thumb/v7-m/nofp\libm.a(libm_a-ef_atan2.o)
 .rodata.npio2_hw
                0x0800c184       0x80 A:/cmake-4.2.1/arm-gnu-toolchain-14.3.rel1-mingw-w64-x86_64-arm-none-eabi/bin/../lib/gcc/arm-none-eabi/14.3.1/../../../../arm-none-eabi/lib/thumb/v7-m/nofp\libm.a(libm_a-ef_rem_pio2.o)
 .rodata.two_over_pi
                0x0800c204      0x318 A:/cmake-4.2.1/arm-gnu-toolchain-14.3.rel1-mingw-w64-x86_64-arm-none-eabi/bin/../lib/gcc/arm-none-eabi/14.3.1/../../../../arm-none-eabi/lib/thumb/v7-m/nofp\libm.a(libm_a-ef_rem_pio2.o)
 .rodata.atanlo
                0x0800c51c       0x10 A:/cmake-4.2.1/arm-gnu-toolchain-14.3.rel1-mingw-w64-x86_64-arm-none-eabi/bin/../lib/gcc/arm-none-eabi/14.3.1/../../../../arm-none-eabi/lib/thumb/v7-m/nofp\libm.a(libm_a-sf_atan.o)
 .rodata.atanhi
                0x0800c52c       0x10 A:/cmake-4.2.1/arm-gnu-toolchain-14.3.rel1-mingw-w64-x86_64-arm-none-eabi/bin/../lib/gcc/arm-none-eabi/14.3.1/../../../../arm-none-eabi/lib/thumb/v7-m/nofp\libm.a(libm_a-sf_atan.o)
 .rodata.PIo2   0x0800c53c       0x2c A:/cmake-4.2.1/arm-gnu-toolchain-14.3.rel1-mingw-w64-x86_64-arm-none-eabi/bin/../lib/gcc/arm-none-eabi/14.3.1/../../../../arm-none-eabi/lib/thumb/v7-m/nofp\libm.a(libm_a-kf_rem_pio2.o)
 .rodata.init_jk
                0x0800c568        0xc A:/cmake-4.2.1/arm-gnu-toolchain-14.3.rel1-mingw-w64-x86_64-arm-none-eabi/bin/../lib/gcc/arm-none-eabi/14.3.1/../../../../arm-none-eabi/lib/thumb/v7-m/nofp\libm.a(libm_a-kf_rem_pio2.o)
 .rodata._ctype_
                0x0800c574      0x101 A:/cmake-4.2.1/arm-gnu-toolchain-14.3.rel1-mingw-w64-x86_64-arm-none-eabi/bin/../lib/gcc/arm-none-eabi/14.3.1/../../../../arm-none-eabi/lib/thumb/v7-m/nofp\libg_nano.a(libc_a-ctype_.o)
                0x0800c574                _ctype_
 .rodata._svfprintf_r.str1.1
                0x0800c675       0x4e A:/cmake-4.2.1/arm-gnu-toolchain-14.3.rel1-mingw-w64-x86_64-arm-none-eabi/bin/../lib/gcc/arm-none-eabi/14.3.1/../../../../arm-none-eabi/lib/thumb/v7-m/nofp\libg_nano.a(libc_a-nano-svfprintf.o)
                                 0x11 (size before relaxing)
 .rodata.__ssvfscanf_r.str1.1
                0x0800c6c3        0x4 A:/cmake-4.2.1/arm-gnu-toolchain-14.3.rel1-mingw-w64-x86_64-arm-none-eabi/bin/../lib/gcc/arm-none-eabi/14.3.1/../../../../arm-none-eabi/lib/thumb/v7-m/nofp\libg_nano.a(libc_a-nano-svfscanf.o)
 .rodata._printf_i.str1.1
                0x0800c6c3       0x22 A:/cmake-4.2.1/arm-gnu-toolchain-14.3.rel1-mingw-w64-x86_64-arm-none-eabi/bin/../lib/gcc/arm-none-eabi/14.3.1/../../../../arm-none-eabi/lib/thumb/v7-m/nofp\libg_nano.a(libc_a-nano-vfprintf_i.o)
 .rodata._scanf_i.str1.1
                0x0800c6c3       0x12 A:/cmake-4.2.1/arm-gnu-toolchain-14.3.rel1-mingw-w64-x86_64-arm-none-eabi/bin/../lib/gcc/arm-none-eabi/14.3.1/../../../../arm-none-eabi/lib/thumb/v7-m/nofp\libg_nano.a(libc_a-nano-vfscanf_i.o)
 .rodata.str1.1
                0x0800c6c3        0x9 A:/cmake-4.2.1/arm-gnu-toolchain-14.3.rel1-mingw-w64-x86_64-arm-none-eabi/bin/../lib/gcc/arm-none-eabi/14.3.1/../../../../arm-none-eabi/lib/thumb/v7-m/nofp\libg_nano.a(libc_a-nano-vfscanf_i.o)
                0x0800c6e8                        . = ALIGN (0x4)
 *fill*         0x0800c6c3        0x1 

.ARM.extab      0x0800c6c4        0x0
                0x0800c6c4                        . = ALIGN (0x4)
 *(.ARM.extab* .gnu.linkonce.armextab.*)
                0x0800c6c4                        . = ALIGN (0x4)

.ARM            0x0800c6c4        0x8
                0x0800c6c4                        . = ALIGN (0x4)
                0x0800c6c4                        __exidx_start = .
 *(.ARM.exidx*)
 .ARM.exidx     0x0800c6c4        0x8 A:/cmake-4.2.1/arm-gnu-toolchain-14.3.rel1-mingw-w64-x86_64-arm-none-eabi/bin/../lib/gcc/arm-none-eabi/14.3.1/../../../../arm-none-eabi/lib/thumb/v7-m/nofp\libg_nano.a(libc_a-strcmp.o)
 .ARM.exidx     0x0800c6cc        0x0 A:/cmake-4.2.1/arm-gnu-toolchain-14.3.rel1-mingw-w64-x86_64-arm-none-eabi/bin/../lib/gcc/arm-none-eabi/14.3.1/../../../../arm-none-eabi/lib/thumb/v7-m/nofp\libg_nano.a(libc_a-strlen.o)
                                  0x8 (size before relaxing)
 .ARM.exidx.text.__udivmoddi4
                0x0800c6cc        0x0 A:/cmake-4.2.1/arm-gnu-toolchain-14.3.rel1-mingw-w64-x86_64-arm-none-eabi/bin/../lib/gcc/arm-none-eabi/14.3.1/thumb/v7-m/nofp\libgcc.a(_udivmoddi4.o)
                                  0x8 (size before relaxing)
                0x0800c6cc                        __exidx_end = .
                0x0800c6cc                        . = ALIGN (0x4)

.preinit_array  0x0800c6cc        0x0
                0x0800c6cc                        . = ALIGN (0x4)
                0x0800c6cc                        PROVIDE (__preinit_array_start = .)
 *(.preinit_array*)
                0x0800c6cc                        PROVIDE (__preinit_array_end = .)
                0x0800c6cc                        . = ALIGN (0x4)

.init_array     0x0800c6cc        0x4
                0x0800c6cc                        . = ALIGN (0x4)
                0x0800c6cc                        PROVIDE (__init_array_start = .)
 *(SORT_BY_NAME(.init_array.*))
 *(.init_array*)
 .init_array    0x0800c6cc        0x4 A:/cmake-4.2.1/arm-gnu-toolchain-14.3.rel1-mingw-w64-x86_64-arm-none-eabi/bin/../lib/gcc/arm-none-eabi/14.3.1/thumb/v7-m/nofp/crtbegin.o
                0x0800c6d0                        PROVIDE (__init_array_end = .)
                0x0800c6d0                        . = ALIGN (0x4)

.fini_array     0x0800c6d0        0x4
                0x0800c6d0                        . = ALIGN (0x4)
                [!provide]                        PROVIDE (__fini_array_start = .)
 *(SORT_BY_NAME(.fini_array.*))
 *(.fini_array*)
 .fini_array    0x0800c6d0        0x4 A:/cmake-4.2.1/arm-gnu-toolchain-14.3.rel1-mingw-w64-x86_64-arm-none-eabi/bin/../lib/gcc/arm-none-eabi/14.3.1/thumb/v7-m/nofp/crtbegin.o
                [!provide]                        PROVIDE (__fini_array_end = .)
                0x0800c6d4                        . = ALIGN (0x4)
                0x0800c6d4                        _sidata = LOADADDR (.data)

.rel.dyn        0x0800c6d4        0x0
 .rel.iplt      0x0800c6d4        0x0 A:/cmake-4.2.1/arm-gnu-toolchain-14.3.rel1-mingw-w64-x86_64-arm-none-eabi/bin/../lib/gcc/arm-none-eabi/14.3.1/thumb/v7-m/nofp/crtbegin.o

.data           0x20000000       0x94 load address 0x0800c6d4
                0x20000000                        . = ALIGN (0x4)
                0x20000000                        _sdata = .
 *(.data)
 *(.data*)
 .data.SystemCoreClock
                0x20000000        0x4 cmake/stm32cubemx/CMakeFiles/STM32_Drivers.dir/__/__/Core/Src/system_stm32f1xx.c.obj
                0x20000000                SystemCoreClock
 .data.uwTickPrio
                0x20000004        0x4 cmake/stm32cubemx/CMakeFiles/STM32_Drivers.dir/__/__/Drivers/STM32F1xx_HAL_Driver/Src/stm32f1xx_hal.c.obj
                0x20000004                uwTickPrio
 .data.uwTickFreq
                0x20000008        0x1 cmake/stm32cubemx/CMakeFiles/STM32_Drivers.dir/__/__/Drivers/STM32F1xx_HAL_Driver/Src/stm32f1xx_hal.c.obj
                0x20000008                uwTickFreq
 *fill*         0x20000009        0x3 
 .data.s_hw     0x2000000c       0x38 CMakeFiles/SCARA_F103.dir/UserApp/stepper_driver.c.obj
 .data._impure_ptr
                0x20000044        0x4 A:/cmake-4.2.1/arm-gnu-toolchain-14.3.rel1-mingw-w64-x86_64-arm-none-eabi/bin/../lib/gcc/arm-none-eabi/14.3.1/../../../../arm-none-eabi/lib/thumb/v7-m/nofp\libg_nano.a(libc_a-impure.o)
                0x20000044                _impure_ptr
 .data._impure_data
                0x20000048       0x4c A:/cmake-4.2.1/arm-gnu-toolchain-14.3.rel1-mingw-w64-x86_64-arm-none-eabi/bin/../lib/gcc/arm-none-eabi/14.3.1/../../../../arm-none-eabi/lib/thumb/v7-m/nofp\libg_nano.a(libc_a-impure.o)
                0x20000048                _impure_data
 *(.RamFunc)
 *(.RamFunc*)
                0x20000094                        . = ALIGN (0x4)

.tm_clone_table
                0x20000094        0x0 load address 0x0800c768
 .tm_clone_table
                0x20000094        0x0 A:/cmake-4.2.1/arm-gnu-toolchain-14.3.rel1-mingw-w64-x86_64-arm-none-eabi/bin/../lib/gcc/arm-none-eabi/14.3.1/thumb/v7-m/nofp/crtbegin.o
 .tm_clone_table
                0x20000094        0x0 A:/cmake-4.2.1/arm-gnu-toolchain-14.3.rel1-mingw-w64-x86_64-arm-none-eabi/bin/../lib/gcc/arm-none-eabi/14.3.1/thumb/v7-m/nofp/crtend.o

.igot.plt       0x20000094        0x0 load address 0x0800c768
 .igot.plt      0x20000094        0x0 A:/cmake-4.2.1/arm-gnu-toolchain-14.3.rel1-mingw-w64-x86_64-arm-none-eabi/bin/../lib/gcc/arm-none-eabi/14.3.1/thumb/v7-m/nofp/crtbegin.o

.tdata          0x20000094        0x0 load address 0x0800c768
 *(.tdata .tdata.* .gnu.linkonce.td.*)
                0x20000094                        . = ALIGN (0x4)
                0x20000094                        _edata = .
                [!provide]                        PROVIDE (__data_end = .)
                [!provide]                        PROVIDE (__tdata_end = .)
                [!provide]                        PROVIDE (__tdata_start = ADDR (.tdata))
                [!provide]                        PROVIDE (__tdata_size = (__tdata_end - __tdata_start))
                [!provide]                        PROVIDE (__data_start = ADDR (.data))
                [!provide]                        PROVIDE (__data_size = (__data_end - __data_start))
                [!provide]                        PROVIDE (__tdata_source = LOADADDR (.tdata))
                [!provide]                        PROVIDE (__tdata_source_end = (LOADADDR (.tdata) + SIZEOF (.tdata)))
                [!provide]                        PROVIDE (__tdata_source_size = (__tdata_source_end - __tdata_source))
                [!provide]                        PROVIDE (__data_source = LOADADDR (.data))
                [!provide]                        PROVIDE (__data_source_end = __tdata_source_end)
                [!provide]                        PROVIDE (__data_source_size = (__data_source_end - __data_source))

.tbss           0x20000094        0x0 load address 0x0800c768
                0x20000094                        _sbss = .
                0x20000094                        __bss_start__ = _sbss
 *(.tbss .tbss.*)
                0x20000094                        . = ALIGN (0x4)
                [!provide]                        PROVIDE (__tbss_end = .)
                [!provide]                        PROVIDE (__tbss_start = ADDR (.tbss))
                [!provide]                        PROVIDE (__tbss_size = (__tbss_end - __tbss_start))
                [!provide]                        PROVIDE (__tbss_offset = (ADDR (.tbss) - ADDR (.tdata)))
                [!provide]                        PROVIDE (__tls_base = __tdata_start)
                [!provide]                        PROVIDE (__tls_end = __tbss_end)
                [!provide]                        PROVIDE (__tls_size = (__tls_end - __tls_base))
                [!provide]                        PROVIDE (__tls_align = MAX (ALIGNOF (.tdata), ALIGNOF (.tbss)))
                [!provide]                        PROVIDE (__tls_size_align = (((__tls_size + __tls_align) - 0x1) & ~ ((__tls_align - 0x1))))
                [!provide]                        PROVIDE (__arm32_tls_tcb_offset = MAX (0x8, __tls_align))
                [!provide]                        PROVIDE (__arm64_tls_tcb_offset = MAX (0x10, __tls_align))

.bss            0x20000098     0x1958 load address 0x0800c768
 *(.bss)
 *(.bss*)
 .bss.completed.1
                0x20000098        0x1 A:/cmake-4.2.1/arm-gnu-toolchain-14.3.rel1-mingw-w64-x86_64-arm-none-eabi/bin/../lib/gcc/arm-none-eabi/14.3.1/thumb/v7-m/nofp/crtbegin.o
 *fill*         0x20000099        0x3 
 .bss.object.0  0x2000009c       0x18 A:/cmake-4.2.1/arm-gnu-toolchain-14.3.rel1-mingw-w64-x86_64-arm-none-eabi/bin/../lib/gcc/arm-none-eabi/14.3.1/thumb/v7-m/nofp/crtbegin.o
 .bss.uwTick    0x200000b4        0x4 cmake/stm32cubemx/CMakeFiles/STM32_Drivers.dir/__/__/Drivers/STM32F1xx_HAL_Driver/Src/stm32f1xx_hal.c.obj
                0x200000b4                uwTick
 .bss.htim1     0x200000b8       0x48 CMakeFiles/SCARA_F103.dir/Core/Src/tim.c.obj
                0x200000b8                htim1
 .bss.htim2     0x20000100       0x48 CMakeFiles/SCARA_F103.dir/Core/Src/tim.c.obj
                0x20000100                htim2
 .bss.htim4     0x20000148       0x48 CMakeFiles/SCARA_F103.dir/Core/Src/tim.c.obj
                0x20000148                htim4
 .bss.huart1    0x20000190       0x48 CMakeFiles/SCARA_F103.dir/Core/Src/usart.c.obj
                0x20000190                huart1
 .bss.hdma_usart1_rx
                0x200001d8       0x44 CMakeFiles/SCARA_F103.dir/Core/Src/usart.c.obj
                0x200001d8                hdma_usart1_rx
 .bss.hdma_usart1_tx
                0x2000021c       0x44 CMakeFiles/SCARA_F103.dir/Core/Src/usart.c.obj
                0x2000021c                hdma_usart1_tx
 .bss.__sbrk_heap_end
                0x20000260        0x4 CMakeFiles/SCARA_F103.dir/Core/Src/sysmem.c.obj
 .bss.s_params  0x20000264       0x58 CMakeFiles/SCARA_F103.dir/UserApp/app_params.c.obj
 .bss.s_blocks  0x200002bc      0x480 CMakeFiles/SCARA_F103.dir/UserApp/gcode_stream.c.obj
 .bss.s_head    0x2000073c        0x1 CMakeFiles/SCARA_F103.dir/UserApp/gcode_stream.c.obj
 .bss.s_tail    0x2000073d        0x1 CMakeFiles/SCARA_F103.dir/UserApp/gcode_stream.c.obj
 .bss.s_count   0x2000073e        0x1 CMakeFiles/SCARA_F103.dir/UserApp/gcode_stream.c.obj
 *fill*         0x2000073f        0x1 
 .bss.s_gc      0x20000740       0x18 CMakeFiles/SCARA_F103.dir/UserApp/gcode_stream.c.obj
 .bss.s_pending
                0x20000758       0x60 CMakeFiles/SCARA_F103.dir/UserApp/gcode_stream.c.obj
 .bss.s_pending_valid
                0x200007b8        0x1 CMakeFiles/SCARA_F103.dir/UserApp/gcode_stream.c.obj
 .bss.s_status_due
                0x200007b9        0x1 CMakeFiles/SCARA_F103.dir/UserApp/gcode_stream.c.obj
 .bss.s_status_divider
                0x200007ba        0x2 CMakeFiles/SCARA_F103.dir/UserApp/gcode_stream.c.obj
 .bss.s_hold    0x200007bc        0x1 CMakeFiles/SCARA_F103.dir/UserApp/gcode_stream.c.obj
 *fill*         0x200007bd        0x3 
 .bss.s_ack_seq
                0x200007c0        0x4 CMakeFiles/SCARA_F103.dir/UserApp/gcode_stream.c.obj
 .bss.s_start_wait_ms
                0x200007c4        0x2 CMakeFiles/SCARA_F103.dir/UserApp/gcode_stream.c.obj
 .bss.s_state   0x200007c6        0x1 CMakeFiles/SCARA_F103.dir/UserApp/home_controller.c.obj
 *fill*         0x200007c7        0x1 
 .bss.s_elapsed_ms
                0x200007c8        0x4 CMakeFiles/SCARA_F103.dir/UserApp/home_controller.c.obj
 .bss.s_debounce_ms
                0x200007cc        0x2 CMakeFiles/SCARA_F103.dir/UserApp/home_controller.c.obj
 .bss.s_error   0x200007ce        0x1 CMakeFiles/SCARA_F103.dir/UserApp/home_controller.c.obj
 .bss.s_backoff_started
                0x200007cf        0x1 CMakeFiles/SCARA_F103.dir/UserApp/home_controller.c.obj
 .bss.s_watchdog_enabled
                0x200007d0        0x1 CMakeFiles/SCARA_F103.dir/UserApp/protocol.c.obj
 *fill*         0x200007d1        0x3 
 .bss.s_watchdog_timeout_ms
                0x200007d4        0x4 CMakeFiles/SCARA_F103.dir/UserApp/protocol.c.obj
 .bss.s_watchdog_last_rx_ms
                0x200007d8        0x4 CMakeFiles/SCARA_F103.dir/UserApp/protocol.c.obj
 .bss.s_protocol_tick_ms
                0x200007dc        0x4 CMakeFiles/SCARA_F103.dir/UserApp/protocol.c.obj
 .bss.s_watchdog_tripped
                0x200007e0        0x1 CMakeFiles/SCARA_F103.dir/UserApp/protocol.c.obj
 *fill*         0x200007e1        0x3 
 .bss.s_rx_dma  0x200007e4      0x100 CMakeFiles/SCARA_F103.dir/UserApp/serial_dma.c.obj
 .bss.s_rx_old_pos
                0x200008e4        0x2 CMakeFiles/SCARA_F103.dir/UserApp/serial_dma.c.obj
 *fill*         0x200008e6        0x2 
 .bss.s_line    0x200008e8       0x60 CMakeFiles/SCARA_F103.dir/UserApp/serial_dma.c.obj
 .bss.s_line_len
                0x20000948        0x2 CMakeFiles/SCARA_F103.dir/UserApp/serial_dma.c.obj
 *fill*         0x2000094a        0x2 
 .bss.s_line_queue
                0x2000094c      0x600 CMakeFiles/SCARA_F103.dir/UserApp/serial_dma.c.obj
 .bss.s_line_head
                0x20000f4c        0x1 CMakeFiles/SCARA_F103.dir/UserApp/serial_dma.c.obj
 .bss.s_line_tail
                0x20000f4d        0x1 CMakeFiles/SCARA_F103.dir/UserApp/serial_dma.c.obj
 .bss.s_line_count
                0x20000f4e        0x1 CMakeFiles/SCARA_F103.dir/UserApp/serial_dma.c.obj
 *fill*         0x20000f4f        0x1 
 .bss.s_rx_overflow_count
                0x20000f50        0x4 CMakeFiles/SCARA_F103.dir/UserApp/serial_dma.c.obj
 .bss.s_tx_queue
                0x20000f54      0x8c0 CMakeFiles/SCARA_F103.dir/UserApp/serial_dma.c.obj
 .bss.s_tx_len  0x20001814       0x10 CMakeFiles/SCARA_F103.dir/UserApp/serial_dma.c.obj
 .bss.s_tx_head
                0x20001824        0x1 CMakeFiles/SCARA_F103.dir/UserApp/serial_dma.c.obj
 .bss.s_tx_tail
                0x20001825        0x1 CMakeFiles/SCARA_F103.dir/UserApp/serial_dma.c.obj
 .bss.s_tx_count
                0x20001826        0x1 CMakeFiles/SCARA_F103.dir/UserApp/serial_dma.c.obj
 .bss.s_tx_busy
                0x20001827        0x1 CMakeFiles/SCARA_F103.dir/UserApp/serial_dma.c.obj
 .bss.s_tx_drop_count
                0x20001828        0x4 CMakeFiles/SCARA_F103.dir/UserApp/serial_dma.c.obj
 *fill*         0x2000182c        0x4 
 .bss.s_state   0x20001830       0x78 CMakeFiles/SCARA_F103.dir/UserApp/stepper_driver.c.obj
 .bss.__sf      0x200018a8      0x138 A:/cmake-4.2.1/arm-gnu-toolchain-14.3.rel1-mingw-w64-x86_64-arm-none-eabi/bin/../lib/gcc/arm-none-eabi/14.3.1/../../../../arm-none-eabi/lib/thumb/v7-m/nofp\libg_nano.a(libc_a-findfp.o)
                0x200018a8                __sf
 .bss.errno     0x200019e0        0x4 A:/cmake-4.2.1/arm-gnu-toolchain-14.3.rel1-mingw-w64-x86_64-arm-none-eabi/bin/../lib/gcc/arm-none-eabi/14.3.1/../../../../arm-none-eabi/lib/thumb/v7-m/nofp\libg_nano.a(libc_a-reent.o)
                0x200019e0                errno
 .bss.__lock___malloc_recursive_mutex
                0x200019e4        0x1 A:/cmake-4.2.1/arm-gnu-toolchain-14.3.rel1-mingw-w64-x86_64-arm-none-eabi/bin/../lib/gcc/arm-none-eabi/14.3.1/../../../../arm-none-eabi/lib/thumb/v7-m/nofp\libg_nano.a(libc_a-lock.o)
                0x200019e4                __lock___malloc_recursive_mutex
 *fill*         0x200019e5        0x3 
 .bss.__malloc_sbrk_start
                0x200019e8        0x4 A:/cmake-4.2.1/arm-gnu-toolchain-14.3.rel1-mingw-w64-x86_64-arm-none-eabi/bin/../lib/gcc/arm-none-eabi/14.3.1/../../../../arm-none-eabi/lib/thumb/v7-m/nofp\libg_nano.a(libc_a-mallocr.o)
                0x200019e8                __malloc_sbrk_start
 .bss.__malloc_free_list
                0x200019ec        0x4 A:/cmake-4.2.1/arm-gnu-toolchain-14.3.rel1-mingw-w64-x86_64-arm-none-eabi/bin/../lib/gcc/arm-none-eabi/14.3.1/../../../../arm-none-eabi/lib/thumb/v7-m/nofp\libg_nano.a(libc_a-mallocr.o)
                0x200019ec                __malloc_free_list
 *(COMMON)
                0x200019f0                        . = ALIGN (0x4)
                0x200019f0                        _ebss = .
                0x200019f0                        __bss_end__ = _ebss
                [!provide]                        PROVIDE (__bss_end = .)
                [!provide]                        PROVIDE (__non_tls_bss_start = ADDR (.bss))
                [!provide]                        PROVIDE (__bss_start = __tbss_start)
                [!provide]                        PROVIDE (__bss_size = (__bss_end - __bss_start))

._user_heap_stack
                0x200019f0      0x600 load address 0x0800c768